Archive member included to satisfy reference by file (symbol)

C:/msys64/mingw64/bin/../lib/gcc/arm-none-eabi/13.3.0/../../../../arm-none-eabi/lib/thumb/v7e-m+fp/hard\libc_nano.a(libc_a-atexit.o)
                              C:/msys64/mingw64/bin/../lib/gcc/arm-none-eabi/13.3.0/../../../../arm-none-eabi/lib/thumb/v7e-m+fp/hard/crt0.o (atexit)
C:/msys64/mingw64/bin/../lib/gcc/arm-none-eabi/13.3.0/../../../../arm-none-eabi/lib/thumb/v7e-m+fp/hard\libc_nano.a(libc_a-atoi.o)
                              build/Middlewares/stm32f746_lwip_withos_porting/LWIP/src/core/netif.o (atoi)
C:/msys64/mingw64/bin/../lib/gcc/arm-none-eabi/13.3.0/../../../../arm-none-eabi/lib/thumb/v7e-m+fp/hard\libc_nano.a(libc_a-exit.o)
                              C:/msys64/mingw64/bin/../lib/gcc/arm-none-eabi/13.3.0/../../../../arm-none-eabi/lib/thumb/v7e-m+fp/hard/crt0.o (exit)
C:/msys64/mingw64/bin/../lib/gcc/arm-none-eabi/13.3.0/../../../../arm-none-eabi/lib/thumb/v7e-m+fp/hard\libc_nano.a(libc_a-strtol.o)
                              C:/msys64/mingw64/bin/../lib/gcc/arm-none-eabi/13.3.0/../../../../arm-none-eabi/lib/thumb/v7e-m+fp/hard\libc_nano.a(libc_a-atoi.o) (_strtol_r)
C:/msys64/mingw64/bin/../lib/gcc/arm-none-eabi/13.3.0/../../../../arm-none-eabi/lib/thumb/v7e-m+fp/hard\libc_nano.a(libc_a-ctype_.o)
                              build/Middlewares/stm32f746_lwip_withos_porting/LWIP/src/core/ipv4/ip4_addr.o (_ctype_)
C:/msys64/mingw64/bin/../lib/gcc/arm-none-eabi/13.3.0/../../../../arm-none-eabi/lib/thumb/v7e-m+fp/hard\libc_nano.a(libc_a-findfp.o)
                              C:/msys64/mingw64/bin/../lib/gcc/arm-none-eabi/13.3.0/../../../../arm-none-eabi/lib/thumb/v7e-m+fp/hard\libc_nano.a(libc_a-exit.o) (__stdio_exit_handler)
C:/msys64/mingw64/bin/../lib/gcc/arm-none-eabi/13.3.0/../../../../arm-none-eabi/lib/thumb/v7e-m+fp/hard\libc_nano.a(libc_a-fwalk.o)
                              C:/msys64/mingw64/bin/../lib/gcc/arm-none-eabi/13.3.0/../../../../arm-none-eabi/lib/thumb/v7e-m+fp/hard\libc_nano.a(libc_a-findfp.o) (_fwalk_sglue)
C:/msys64/mingw64/bin/../lib/gcc/arm-none-eabi/13.3.0/../../../../arm-none-eabi/lib/thumb/v7e-m+fp/hard\libc_nano.a(libc_a-printf.o)
                              build/Middlewares/stm32f746_lwip_withos_porting/LWIP/Target/ethernetif.o (printf)
C:/msys64/mingw64/bin/../lib/gcc/arm-none-eabi/13.3.0/../../../../arm-none-eabi/lib/thumb/v7e-m+fp/hard\libc_nano.a(libc_a-stdio.o)
                              C:/msys64/mingw64/bin/../lib/gcc/arm-none-eabi/13.3.0/../../../../arm-none-eabi/lib/thumb/v7e-m+fp/hard\libc_nano.a(libc_a-findfp.o) (__sread)
C:/msys64/mingw64/bin/../lib/gcc/arm-none-eabi/13.3.0/../../../../arm-none-eabi/lib/thumb/v7e-m+fp/hard\libc_nano.a(libc_a-memcmp.o)
                              build/Middlewares/stm32f746_lwip_withos_porting/LWIP/src/netif/ethernet.o (memcmp)
C:/msys64/mingw64/bin/../lib/gcc/arm-none-eabi/13.3.0/../../../../arm-none-eabi/lib/thumb/v7e-m+fp/hard\libc_nano.a(libc_a-memmove.o)
                              build/Middlewares/stm32f746_lwip_withos_porting/LWIP/src/core/def.o (memmove)
C:/msys64/mingw64/bin/../lib/gcc/arm-none-eabi/13.3.0/../../../../arm-none-eabi/lib/thumb/v7e-m+fp/hard\libc_nano.a(libc_a-memset.o)
                              C:/msys64/mingw64/bin/../lib/gcc/arm-none-eabi/13.3.0/../../../../arm-none-eabi/lib/thumb/v7e-m+fp/hard/crt0.o (memset)
C:/msys64/mingw64/bin/../lib/gcc/arm-none-eabi/13.3.0/../../../../arm-none-eabi/lib/thumb/v7e-m+fp/hard\libc_nano.a(libc_a-strncmp.o)
                              build/Middlewares/stm32f746_lwip_withos_porting/LWIP/src/core/def.o (strncmp)
C:/msys64/mingw64/bin/../lib/gcc/arm-none-eabi/13.3.0/../../../../arm-none-eabi/lib/thumb/v7e-m+fp/hard\libc_nano.a(libc_a-closer.o)
                              C:/msys64/mingw64/bin/../lib/gcc/arm-none-eabi/13.3.0/../../../../arm-none-eabi/lib/thumb/v7e-m+fp/hard\libc_nano.a(libc_a-stdio.o) (_close_r)
C:/msys64/mingw64/bin/../lib/gcc/arm-none-eabi/13.3.0/../../../../arm-none-eabi/lib/thumb/v7e-m+fp/hard\libc_nano.a(libc_a-reent.o)
                              C:/msys64/mingw64/bin/../lib/gcc/arm-none-eabi/13.3.0/../../../../arm-none-eabi/lib/thumb/v7e-m+fp/hard\libc_nano.a(libc_a-closer.o) (errno)
C:/msys64/mingw64/bin/../lib/gcc/arm-none-eabi/13.3.0/../../../../arm-none-eabi/lib/thumb/v7e-m+fp/hard\libc_nano.a(libc_a-impure.o)
                              C:/msys64/mingw64/bin/../lib/gcc/arm-none-eabi/13.3.0/../../../../arm-none-eabi/lib/thumb/v7e-m+fp/hard\libc_nano.a(libc_a-strtol.o) (_impure_ptr)
C:/msys64/mingw64/bin/../lib/gcc/arm-none-eabi/13.3.0/../../../../arm-none-eabi/lib/thumb/v7e-m+fp/hard\libc_nano.a(libc_a-lseekr.o)
                              C:/msys64/mingw64/bin/../lib/gcc/arm-none-eabi/13.3.0/../../../../arm-none-eabi/lib/thumb/v7e-m+fp/hard\libc_nano.a(libc_a-stdio.o) (_lseek_r)
C:/msys64/mingw64/bin/../lib/gcc/arm-none-eabi/13.3.0/../../../../arm-none-eabi/lib/thumb/v7e-m+fp/hard\libc_nano.a(libc_a-readr.o)
[...]
Memory Configuration

Name             Origin             Length             Attributes
RAM              0x20000000         0x00040000         xrw
RAM_NC           0x20040000         0x00010000         xrw
FLASH            0x08000000         0x00100000         xr
*default*        0x00000000         0xffffffff

Linker script and memory map

LOAD C:/msys64/mingw64/bin/../lib/gcc/arm-none-eabi/13.3.0/thumb/v7e-m+fp/hard/crti.o
LOAD C:/msys64/mingw64/bin/../lib/gcc/arm-none-eabi/13.3.0/thumb/v7e-m+fp/hard/crtbegin.o
LOAD C:/msys64/mingw64/bin/../lib/gcc/arm-none-eabi/13.3.0/../../../../arm-none-eabi/lib/thumb/v7e-m+fp/hard/crt0.o
LOAD build/bsp/stm32f746_lwip_withos_porting/system_stm32f7xx.o
LOAD build/Drivers/BSP/Components/lan8742/lan8742.o
LOAD build/Core/src/stm32f746_lwip_withos_porting/main.o
LOAD build/Core/src/stm32f746_lwip_withos_porting/stm32f7xx_hal_msp.o
LOAD build/Core/src/stm32f746_lwip_withos_porting/stm32f7xx_hal_timebase_tim.o
LOAD build/Core/src/stm32f746_lwip_withos_porting/stm32f7xx_it.o
LOAD build/Core/src/stm32f746_lwip_withos_porting/syscalls.o
LOAD build/Core/src/stm32f746_lwip_withos_porting/sysmem.o
LOAD build/Drivers/STM32F7xx_HAL_Driver/Src/stm32f7xx_hal_cortex.o
LOAD build/Drivers/STM32F7xx_HAL_Driver/Src/stm32f7xx_hal_rcc.o
LOAD build/Drivers/STM32F7xx_HAL_Driver/Src/stm32f7xx_hal_rcc_ex.o
LOAD build/Drivers/STM32F7xx_HAL_Driver/Src/stm32f7xx_hal_flash.o
LOAD build/Drivers/STM32F7xx_HAL_Driver/Src/stm32f7xx_hal_flash_ex.o
LOAD build/Drivers/STM32F7xx_HAL_Driver/Src/stm32f7xx_hal_gpio.o
LOAD build/Drivers/STM32F7xx_HAL_Driver/Src/stm32f7xx_hal_dma.o
LOAD build/Drivers/STM32F7xx_HAL_Driver/Src/stm32f7xx_hal_dma_ex.o
LOAD build/Drivers/STM32F7xx_HAL_Driver/Src/stm32f7xx_hal_pwr.o
LOAD build/Drivers/STM32F7xx_HAL_Driver/Src/stm32f7xx_hal_pwr_ex.o
LOAD build/Drivers/STM32F7xx_HAL_Driver/Src/stm32f7xx_hal.o
LOAD build/Drivers/STM32F7xx_HAL_Driver/Src/stm32f7xx_hal_i2c.o
LOAD build/Drivers/STM32F7xx_HAL_Driver/Src/stm32f7xx_hal_i2c_ex.o
LOAD build/Drivers/STM32F7xx_HAL_Driver/Src/stm32f7xx_hal_exti.o
LOAD build/Drivers/STM32F7xx_HAL_Driver/Src/stm32f7xx_hal_eth.o
LOAD build/Drivers/STM32F7xx_HAL_Driver/Src/stm32f7xx_hal_rtc.o
LOAD build/Drivers/STM32F7xx_HAL_Driver/Src/stm32f7xx_hal_rtc_ex.o
LOAD build/Drivers/STM32F7xx_HAL_Driver/Src/stm32f7xx_hal_uart.o
LOAD build/Drivers/STM32F7xx_HAL_Driver/Src/stm32f7xx_hal_uart_ex.o
LOAD build/Drivers/STM32F7xx_HAL_Driver/Src/stm32f7xx_hal_tim.o
LOAD build/Drivers/STM32F7xx_HAL_Driver/Src/stm32f7xx_hal_tim_ex.o
LOAD build/Middlewares/stm32f746_lwip_withos_porting/LWIP/Target/ethernetif.o
LOAD build/Middlewares/stm32f746_lwip_withos_porting/LWIP/App/lwip.o
LOAD build/Middlewares/stm32f746_lwip_withos_porting/LWIP/OS_portable/sys_arch.o
LOAD build/Middlewares/stm32f746_lwip_withos_porting/LWIP/src/api/tcpip.o
LOAD build/Middlewares/stm32f746_lwip_withos_porting/LWIP/src/core/inet_chksum.o
LOAD build/Middlewares/stm32f746_lwip_withos_porting/LWIP/src/core/init.o
LOAD build/Middlewares/stm32f746_lwip_withos_porting/LWIP/src/core/ip.o
LOAD build/Middlewares/stm32f746_lwip_withos_porting/LWIP/src/core/def.o
LOAD build/Middlewares/stm32f746_lwip_withos_porting/LWIP/src/core/mem.o
LOAD build/Middlewares/stm32f746_lwip_withos_porting/LWIP/src/core/memp.o
LOAD build/Middlewares/stm32f746_lwip_withos_porting/LWIP/src/core/netif.o
LOAD build/Middlewares/stm32f746_lwip_withos_porting/LWIP/src/core/pbuf.o
LOAD build/Middlewares/stm32f746_lwip_withos_porting/LWIP/src/core/raw.o
LOAD build/Middlewares/stm32f746_lwip_withos_porting/LWIP/src/core/stats.o
LOAD build/Middlewares/stm32f746_lwip_withos_porting/LWIP/src/core/sys.o
LOAD build/Middlewares/stm32f746_lwip_withos_porting/LWIP/src/core/timeouts.o
LOAD build/Middlewares/stm32f746_lwip_withos_porting/LWIP/src/core/ipv4/etharp.o
LOAD build/Middlewares/stm32f746_lwip_withos_porting/LWIP/src/core/ipv4/icmp.o
LOAD build/Middlewares/stm32f746_lwip_withos_porting/LWIP/src/core/ipv4/ip4_addr.o
LOAD build/Middlewares/stm32f746_lwip_withos_porting/LWIP/src/core/ipv4/ip4_frag.o
LOAD build/Middlewares/stm32f746_lwip_withos_porting/LWIP/src/core/ipv4/ip4.o
LOAD build/Middlewares/stm32f746_lwip_withos_porting/LWIP/src/netif/ethernet.o
LOAD build/Middlewares/stm32f746_lwip_withos_porting/LWIP/src//api/err.o
LOAD build/Middlewares/stm32f746_lwip_withos_porting/FreeRTOS/portable/GCC/ARM_CM7/r0p1/port.o
LOAD build/Middlewares/stm32f746_lwip_withos_porting/FreeRTOS/Core/Src/heap_4.o
LOAD build/Middlewares/stm32f746_lwip_withos_porting/FreeRTOS/Core/Src/list.o
LOAD build/Middlewares/stm32f746_lwip_withos_porting/FreeRTOS/Core/Src/queue.o
LOAD build/Middlewares/stm32f746_lwip_withos_porting/FreeRTOS/Core/Src/tasks.o
LOAD build/Middlewares/stm32f746_lwip_withos_porting/FreeRTOS/Core/Src/timers.o
LOAD build/bsp/stm32f746_lwip_withos_porting/startup_stm32f746xx.o
LOAD C:/msys64/mingw64/bin/../lib/gcc/arm-none-eabi/13.3.0/../../../../arm-none-eabi/lib/thumb/v7e-m+fp/hard\libc_nano.a
LOAD C:/msys64/mingw64/bin/../lib/gcc/arm-none-eabi/13.3.0/../../../../arm-none-eabi/lib/thumb/v7e-m+fp/hard\libm.a
LOAD C:/msys64/mingw64/bin/../lib/gcc/arm-none-eabi/13.3.0/../../../../arm-none-eabi/lib/thumb/v7e-m+fp/hard\libnosys.a
START GROUP
LOAD C:/msys64/mingw64/bin/../lib/gcc/arm-none-eabi/13.3.0/thumb/v7e-m+fp/hard\libgcc.a
LOAD C:/msys64/mingw64/bin/../lib/gcc/arm-none-eabi/13.3.0/../../../../arm-none-eabi/lib/thumb/v7e-m+fp/hard\libc_nano.a
END GROUP
START GROUP
LOAD C:/msys64/mingw64/bin/../lib/gcc/arm-none-eabi/13.3.0/thumb/v7e-m+fp/hard\libgcc.a
LOAD C:/msys64/mingw64/bin/../lib/gcc/arm-none-eabi/13.3.0/../../../../arm-none-eabi/lib/thumb/v7e-m+fp/hard\libc_nano.a
END GROUP
LOAD C:/msys64/mingw64/bin/../lib/gcc/arm-none-eabi/13.3.0/thumb/v7e-m+fp/hard/crtend.o
LOAD C:/msys64/mingw64/bin/../lib/gcc/arm-none-eabi/13.3.0/thumb/v7e-m+fp/hard/crtn.o
                0x20040000                        _estack = (ORIGIN (RAM) + LENGTH (RAM))
                0x00000200                        _Min_Heap_Size = 0x200
                0x00000400                        _Min_Stack_Size = 0x400

.isr_vector     0x08000000      0x1c8
                0x08000000                        . = ALIGN (0x4)
 *(.isr_vector)
 .isr_vector    0x08000000      0x1c8 build/bsp/stm32f746_lwip_withos_porting/startup_stm32f746xx.o
                0x08000000                g_pfnVectors
                0x080001c8                        . = ALIGN (0x4)

.text           0x080001d0     0xe048
                0x080001d0                        . = ALIGN (0x4)
 *(.text)
 .text          0x080001d0      0x2dc C:/msys64/mingw64/bin/../lib/gcc/arm-none-eabi/13.3.0/../../../../arm-none-eabi/lib/thumb/v7e-m+fp/hard\libc_nano.a(libc_a-findfp.o)
                0x0800034c                __sfp
                0x0800040c                __sinit
                0x0800044c                __sfp_lock_acquire
                0x08000458                __sfp_lock_release
                0x08000464                __fp_lock_all
                0x08000488                __fp_unlock_all
 .text          0x080004ac       0x44 C:/msys64/mingw64/bin/../lib/gcc/arm-none-eabi/13.3.0/../../../../arm-none-eabi/lib/thumb/v7e-m+fp/hard\libc_nano.a(libc_a-fwalk.o)
                0x080004ac                _fwalk_sglue
 .text          0x080004f0       0x48 C:/msys64/mingw64/bin/../lib/gcc/arm-none-eabi/13.3.0/../../../../arm-none-eabi/lib/thumb/v7e-m+fp/hard\libc_nano.a(libc_a-printf.o)
                0x080004f0                _printf_r
                0x080004f0                _iprintf_r
                0x08000510                iprintf
                0x08000510                printf
 .text          0x08000538       0x94 C:/msys64/mingw64/bin/../lib/gcc/arm-none-eabi/13.3.0/../../../../arm-none-eabi/lib/thumb/v7e-m+fp/hard\libc_nano.a(libc_a-stdio.o)
                0x08000538                __sread
                0x0800055c                __seofread
                0x08000560                __swrite
                0x080005a0                __sseek
                0x080005c4                __sclose
 .text          0x080005cc       0x5c C:/msys64/mingw64/bin/../lib/gcc/arm-none-eabi/13.3.0/../../../../arm-none-eabi/lib/thumb/v7e-m+fp/hard\libc_nano.a(libc_a-memcmp.o)
                0x080005cc                memcmp
 .text          0x08000628      0x100 C:/msys64/mingw64/bin/../lib/gcc/arm-none-eabi/13.3.0/../../../../arm-none-eabi/lib/thumb/v7e-m+fp/hard\libc_nano.a(libc_a-memmove.o)
                0x08000628                memmove
 .text          0x08000728       0xa4 C:/msys64/mingw64/bin/../lib/gcc/arm-none-eabi/13.3.0/../../../../arm-none-eabi/lib/thumb/v7e-m+fp/hard\libc_nano.a(libc_a-memset.o)
                0x08000728                memset
 .text          0x080007cc       0x24 C:/msys64/mingw64/bin/../lib/gcc/arm-none-eabi/13.3.0/../../../../arm-none-eabi/lib/thumb/v7e-m+fp/hard\libc_nano.a(libc_a-closer.o)
                0x080007cc                _close_r
 .text          0x080007f0       0x2c C:/msys64/mingw64/bin/../lib/gcc/arm-none-eabi/13.3.0/../../../../arm-none-eabi/lib/thumb/v7e-m+fp/hard\libc_nano.a(libc_a-lseekr.o)
                0x080007f0                _lseek_r
 .text          0x0800081c       0x2c C:/msys64/mingw64/bin/../lib/gcc/arm-none-eabi/13.3.0/../../../../arm-none-eabi/lib/thumb/v7e-m+fp/hard\libc_nano.a(libc_a-readr.o)
                0x0800081c                _read_r
 .text          0x08000848       0x2c C:/msys64/mingw64/bin/../lib/gcc/arm-none-eabi/13.3.0/../../../../arm-none-eabi/lib/thumb/v7e-m+fp/hard\libc_nano.a(libc_a-writer.o)
                0x08000848                _write_r
 .text          0x08000874        0xc C:/msys64/mingw64/bin/../lib/gcc/arm-none-eabi/13.3.0/../../../../arm-none-eabi/lib/thumb/v7e-m+fp/hard\libc_nano.a(libc_a-errno.o)
                0x08000874                __errno
 .text          0x08000880       0x50 C:/msys64/mingw64/bin/../lib/gcc/arm-none-eabi/13.3.0/../../../../arm-none-eabi/lib/thumb/v7e-m+fp/hard\libc_nano.a(libc_a-init.o)
                0x08000880                __libc_init_array
 .text          0x080008d0       0x28 C:/msys64/mingw64/bin/../lib/gcc/arm-none-eabi/13.3.0/../../../../arm-none-eabi/lib/thumb/v7e-m+fp/hard\libc_nano.a(libc_a-lock.o)
                0x080008d0                __retarget_lock_init
                0x080008d4                __retarget_lock_init_recursive
                0x080008d8                __retarget_lock_close
                0x080008dc                __retarget_lock_close_recursive
                0x080008e0                __retarget_lock_acquire
                0x080008e4                __retarget_lock_acquire_recursive
                0x080008e8                __retarget_lock_try_acquire
                0x080008ec                __retarget_lock_try_acquire_recursive
                0x080008f0                __retarget_lock_release
                0x080008f4                __retarget_lock_release_recursive
 .text          0x080008f8      0x134 C:/msys64/mingw64/bin/../lib/gcc/arm-none-eabi/13.3.0/../../../../arm-none-eabi/lib/thumb/v7e-m+fp/hard\libc_nano.a(libc_a-memcpy.o)
                0x080008f8                memcpy
 .text          0x08000a2c       0xbc C:/msys64/mingw64/bin/../lib/gcc/arm-none-eabi/13.3.0/../../../../arm-none-eabi/lib/thumb/v7e-m+fp/hard\libc_nano.a(libc_a-freer.o)
                0x08000a2c                _free_r
 .text          0x08000ae8      0x148 C:/msys64/mingw64/bin/../lib/gcc/arm-none-eabi/13.3.0/../../../../arm-none-eabi/lib/thumb/v7e-m+fp/hard\libc_nano.a(libc_a-mallocr.o)
                0x08000b30                _malloc_r
 .text          0x08000c30       0x18 C:/msys64/mingw64/bin/../lib/gcc/arm-none-eabi/13.3.0/../../../../arm-none-eabi/lib/thumb/v7e-m+fp/hard\libc_nano.a(libc_a-mlock.o)
                0x08000c30                __malloc_lock
                0x08000c3c                __malloc_unlock
 .text          0x08000c48      0x368 C:/msys64/mingw64/bin/../lib/gcc/arm-none-eabi/13.3.0/../../../../arm-none-eabi/lib/thumb/v7e-m+fp/hard\libc_nano.a(libc_a-nano-vfprintf.o)
                0x08000c84                __sfputs_r
                0x08000cb4                __sprint_r
                0x08000cd4                _vfiprintf_r
                0x08000cd4                _vfprintf_r
                0x08000f94                vfprintf
                0x08000f94                vfiprintf
 .text          0x08000fb0      0x3a8 C:/msys64/mingw64/bin/../lib/gcc/arm-none-eabi/13.3.0/../../../../arm-none-eabi/lib/thumb/v7e-m+fp/hard\libc_nano.a(libc_a-nano-vfprintf_i.o)
                0x08000fb0                _printf_common
                0x080010d4                _printf_i
 .text          0x08001358      0x1a4 C:/msys64/mingw64/bin/../lib/gcc/arm-none-eabi/13.3.0/../../../../arm-none-eabi/lib/thumb/v7e-m+fp/hard\libc_nano.a(libc_a-fflush.o)
                0x08001358                __sflush_r
                0x0800147c                _fflush_r
                0x080014d4                fflush
 .text          0x080014fc      0x300 C:/msys64/mingw64/bin/../lib/gcc/arm-none-eabi/13.3.0/../../../../arm-none-eabi/lib/thumb/v7e-m+fp/hard\libc_nano.a(libc_a-fvwrite.o)
                0x080014fc                __sfvwrite_r
 .text          0x080017fc       0xa0 C:/msys64/mingw64/bin/../lib/gcc/arm-none-eabi/13.3.0/../../../../arm-none-eabi/lib/thumb/v7e-m+fp/hard\libc_nano.a(libc_a-wbuf.o)
                0x080017fc                __swbuf_r
                0x08001884                __swbuf
 .text          0x0800189c       0xc4 C:/msys64/mingw64/bin/../lib/gcc/arm-none-eabi/13.3.0/../../../../arm-none-eabi/lib/thumb/v7e-m+fp/hard\libc_nano.a(libc_a-wsetup.o)
                0x0800189c                __swsetup_r
 .text          0x08001960       0x24 C:/msys64/mingw64/bin/../lib/gcc/arm-none-eabi/13.3.0/../../../../arm-none-eabi/lib/thumb/v7e-m+fp/hard\libc_nano.a(libc_a-sbrkr.o)
                0x08001960                _sbrk_r
 *fill*         0x08001984        0xc 
 .text          0x08001990       0xa0 C:/msys64/mingw64/bin/../lib/gcc/arm-none-eabi/13.3.0/../../../../arm-none-eabi/lib/thumb/v7e-m+fp/hard\libc_nano.a(libc_a-memchr.o)
                0x08001990                memchr
 .text          0x08001a30       0x64 C:/msys64/mingw64/bin/../lib/gcc/arm-none-eabi/13.3.0/../../../../arm-none-eabi/lib/thumb/v7e-m+fp/hard\libc_nano.a(libc_a-reallocr.o)
                0x08001a30                _realloc_r
 .text          0x08001a94      0x114 C:/msys64/mingw64/bin/../lib/gcc/arm-none-eabi/13.3.0/../../../../arm-none-eabi/lib/thumb/v7e-m+fp/hard\libc_nano.a(libc_a-makebuf.o)
                0x08001a94                __smakebuf_r
                0x08001b58                __swhatbuf_r
 .text          0x08001ba8       0x2c C:/msys64/mingw64/bin/../lib/gcc/arm-none-eabi/13.3.0/../../../../arm-none-eabi/lib/thumb/v7e-m+fp/hard\libc_nano.a(libc_a-fstatr.o)
                0x08001ba8                _fstat_r
 .text          0x08001bd4       0x24 C:/msys64/mingw64/bin/../lib/gcc/arm-none-eabi/13.3.0/../../../../arm-none-eabi/lib/thumb/v7e-m+fp/hard\libc_nano.a(libc_a-isattyr.o)
                0x08001bd4                _isatty_r
 .text          0x08001bf8       0x10 C:/msys64/mingw64/bin/../lib/gcc/arm-none-eabi/13.3.0/../../../../arm-none-eabi/lib/thumb/v7e-m+fp/hard\libc_nano.a(libc_a-msizer.o)
                0x08001bf8                _malloc_usable_size_r
 .text          0x08001c08       0x30 C:/msys64/mingw64/bin/../lib/gcc/arm-none-eabi/13.3.0/thumb/v7e-m+fp/hard\libgcc.a(_aeabi_uldivmod.o)
                0x08001c08                __aeabi_uldivmod
 .text          0x08001c38        0x4 C:/msys64/mingw64/bin/../lib/gcc/arm-none-eabi/13.3.0/thumb/v7e-m+fp/hard\libgcc.a(_dvmd_tls.o)
                0x08001c38                __aeabi_idiv0
                0x08001c38                __aeabi_ldiv0
 *(.text*)
 .text.__do_global_dtors_aux
                0x08001c3c       0x24 C:/msys64/mingw64/bin/../lib/gcc/arm-none-eabi/13.3.0/thumb/v7e-m+fp/hard/crtbegin.o
 .text.frame_dummy
                0x08001c60       0x1c C:/msys64/mingw64/bin/../lib/gcc/arm-none-eabi/13.3.0/thumb/v7e-m+fp/hard/crtbegin.o
 .text.SystemInit
                0x08001c7c       0x24 build/bsp/stm32f746_lwip_withos_porting/system_stm32f7xx.o
                0x08001c7c                SystemInit
 .text.LAN8742_RegisterBusIO
                0x08001ca0       0x64 build/Drivers/BSP/Components/lan8742/lan8742.o
                0x08001ca0                LAN8742_RegisterBusIO
 .text.LAN8742_Init
                0x08001d04       0x9a build/Drivers/BSP/Components/lan8742/lan8742.o
                0x08001d04                LAN8742_Init
 .text.LAN8742_GetLinkState
                0x08001d9e      0x10e build/Drivers/BSP/Components/lan8742/lan8742.o
                0x08001d9e                LAN8742_GetLinkState
 .text.BlinkTask
                0x08001eac       0x20 build/Core/src/stm32f746_lwip_withos_porting/main.o
                0x08001eac                BlinkTask
 .text.StartLWIPInitTask
                0x08001ecc       0x14 build/Core/src/stm32f746_lwip_withos_porting/main.o
                0x08001ecc                StartLWIPInitTask
 .text._write   0x08001ee0       0x2c build/Core/src/stm32f746_lwip_withos_porting/main.o
                0x08001ee0                _write
 .text.main     0x08001f0c       0x5c build/Core/src/stm32f746_lwip_withos_porting/main.o
                0x08001f0c                main
 .text.SystemClock_Config
                0x08001f68       0xe4 build/Core/src/stm32f746_lwip_withos_porting/main.o
                0x08001f68                SystemClock_Config
 .text.PeriphCommonClock_Config
                0x0800204c       0x64 build/Core/src/stm32f746_lwip_withos_porting/main.o
                0x0800204c                PeriphCommonClock_Config
 .text.MX_USART1_UART_Init
                0x080020b0       0x60 build/Core/src/stm32f746_lwip_withos_porting/main.o
 .text.MX_GPIO_Init
                0x08002110      0x2ac build/Core/src/stm32f746_lwip_withos_porting/main.o
 .text.HAL_TIM_PeriodElapsedCallback
                0x080023bc       0x24 build/Core/src/stm32f746_lwip_withos_porting/main.o
                0x080023bc                HAL_TIM_PeriodElapsedCallback
 .text.Error_Handler
                0x080023e0        0xc build/Core/src/stm32f746_lwip_withos_porting/main.o
                0x080023e0                Error_Handler
 .text.HAL_MspInit
                0x080023ec       0x50 build/Core/src/stm32f746_lwip_withos_porting/stm32f7xx_hal_msp.o
                0x080023ec                HAL_MspInit
 .text.HAL_UART_MspInit
                0x0800243c      0x104 build/Core/src/stm32f746_lwip_withos_porting/stm32f7xx_hal_msp.o
                0x0800243c                HAL_UART_MspInit
 .text.HAL_InitTick
                0x08002540       0xf4 build/Core/src/stm32f746_lwip_withos_porting/stm32f7xx_hal_timebase_tim.o
                0x08002540                HAL_InitTick
 .text.NMI_Handler
                0x08002634        0x8 build/Core/src/stm32f746_lwip_withos_porting/stm32f7xx_it.o
                0x08002634                NMI_Handler
 .text.HardFault_Handler
                0x0800263c        0x8 build/Core/src/stm32f746_lwip_withos_porting/stm32f7xx_it.o
                0x0800263c                HardFault_Handler
 .text.MemManage_Handler
                0x08002644        0x8 build/Core/src/stm32f746_lwip_withos_porting/stm32f7xx_it.o
                0x08002644                MemManage_Handler
 .text.BusFault_Handler
                0x0800264c        0x8 build/Core/src/stm32f746_lwip_withos_porting/stm32f7xx_it.o
                0x0800264c                BusFault_Handler
 .text.UsageFault_Handler
                0x08002654        0x8 build/Core/src/stm32f746_lwip_withos_porting/stm32f7xx_it.o
                0x08002654                UsageFault_Handler
 .text.DebugMon_Handler
                0x0800265c        0xe build/Core/src/stm32f746_lwip_withos_porting/stm32f7xx_it.o
                0x0800265c                DebugMon_Handler
 *fill*         0x0800266a        0x2 
 .text.TIM6_DAC_IRQHandler
                0x0800266c       0x14 build/Core/src/stm32f746_lwip_withos_porting/stm32f7xx_it.o
                0x0800266c                TIM6_DAC_IRQHandler
 .text._read    0x08002680       0x3a build/Core/src/stm32f746_lwip_withos_porting/syscalls.o
                0x08002680                _read
 .text._close   0x080026ba       0x18 build/Core/src/stm32f746_lwip_withos_porting/syscalls.o
                0x080026ba                _close
 .text._fstat   0x080026d2       0x20 build/Core/src/stm32f746_lwip_withos_porting/syscalls.o
                0x080026d2                _fstat
 .text._isatty  0x080026f2       0x16 build/Core/src/stm32f746_lwip_withos_porting/syscalls.o
                0x080026f2                _isatty
 .text._lseek   0x08002708       0x1a build/Core/src/stm32f746_lwip_withos_porting/syscalls.o
                0x08002708                _lseek
 *fill*         0x08002722        0x2 
 .text._sbrk    0x08002724       0x6c build/Core/src/stm32f746_lwip_withos_porting/sysmem.o
                0x08002724                _sbrk
 .text.__NVIC_SetPriorityGrouping
                0x08002790       0x48 build/Drivers/STM32F7xx_HAL_Driver/Src/stm32f7xx_hal_cortex.o
 .text.__NVIC_GetPriorityGrouping
                0x080027d8       0x1c build/Drivers/STM32F7xx_HAL_Driver/Src/stm32f7xx_hal_cortex.o
 .text.__NVIC_EnableIRQ
                0x080027f4       0x3c build/Drivers/STM32F7xx_HAL_Driver/Src/stm32f7xx_hal_cortex.o
 .text.__NVIC_SetPriority
                0x08002830       0x54 build/Drivers/STM32F7xx_HAL_Driver/Src/stm32f7xx_hal_cortex.o
 .text.NVIC_EncodePriority
                0x08002884       0x66 build/Drivers/STM32F7xx_HAL_Driver/Src/stm32f7xx_hal_cortex.o
 .text.HAL_NVIC_SetPriorityGrouping
                0x080028ea       0x16 build/Drivers/STM32F7xx_HAL_Driver/Src/stm32f7xx_hal_cortex.o
                0x080028ea                HAL_NVIC_SetPriorityGrouping
 .text.HAL_NVIC_SetPriority
                0x08002900       0x38 build/Drivers/STM32F7xx_HAL_Driver/Src/stm32f7xx_hal_cortex.o
                0x08002900                HAL_NVIC_SetPriority
 .text.HAL_NVIC_EnableIRQ
                0x08002938       0x1c build/Drivers/STM32F7xx_HAL_Driver/Src/stm32f7xx_hal_cortex.o
                0x08002938                HAL_NVIC_EnableIRQ
 .text.HAL_RCC_OscConfig
                0x08002954      0x548 build/Drivers/STM32F7xx_HAL_Driver/Src/stm32f7xx_hal_rcc.o
                0x08002954                HAL_RCC_OscConfig
 .text.HAL_RCC_ClockConfig
                0x08002e9c      0x1d8 build/Drivers/STM32F7xx_HAL_Driver/Src/stm32f7xx_hal_rcc.o
                0x08002e9c                HAL_RCC_ClockConfig
 .text.HAL_RCC_GetSysClockFreq
                0x08003074      0x18c build/Drivers/STM32F7xx_HAL_Driver/Src/stm32f7xx_hal_rcc.o
                0x08003074                HAL_RCC_GetSysClockFreq
 .text.HAL_RCC_GetHCLKFreq
                0x08003200       0x18 build/Drivers/STM32F7xx_HAL_Driver/Src/stm32f7xx_hal_rcc.o
                0x08003200                HAL_RCC_GetHCLKFreq
 .text.HAL_RCC_GetPCLK1Freq
                0x08003218       0x28 build/Drivers/STM32F7xx_HAL_Driver/Src/stm32f7xx_hal_rcc.o
                0x08003218                HAL_RCC_GetPCLK1Freq
 .text.HAL_RCC_GetPCLK2Freq
                0x08003240       0x28 build/Drivers/STM32F7xx_HAL_Driver/Src/stm32f7xx_hal_rcc.o
                0x08003240                HAL_RCC_GetPCLK2Freq
 .text.HAL_RCC_GetClockConfig
                0x08003268       0x64 build/Drivers/STM32F7xx_HAL_Driver/Src/stm32f7xx_hal_rcc.o
                0x08003268                HAL_RCC_GetClockConfig
 .text.HAL_RCCEx_PeriphCLKConfig
                0x080032cc      0x7e0 build/Drivers/STM32F7xx_HAL_Driver/Src/stm32f7xx_hal_rcc_ex.o
                0x080032cc                HAL_RCCEx_PeriphCLKConfig
 .text.HAL_GPIO_Init
                0x08003aac      0x358 build/Drivers/STM32F7xx_HAL_Driver/Src/stm32f7xx_hal_gpio.o
                0x08003aac                HAL_GPIO_Init
 .text.HAL_GPIO_WritePin
                0x08003e04       0x32 build/Drivers/STM32F7xx_HAL_Driver/Src/stm32f7xx_hal_gpio.o
                0x08003e04                HAL_GPIO_WritePin
 .text.HAL_GPIO_TogglePin
                0x08003e36       0x34 build/Drivers/STM32F7xx_HAL_Driver/Src/stm32f7xx_hal_gpio.o
                0x08003e36                HAL_GPIO_TogglePin
 *fill*         0x08003e6a        0x2 
 .text.HAL_PWR_EnableBkUpAccess
                0x08003e6c       0x20 build/Drivers/STM32F7xx_HAL_Driver/Src/stm32f7xx_hal_pwr.o
                0x08003e6c                HAL_PWR_EnableBkUpAccess
 .text.HAL_PWREx_EnableOverDrive
                0x08003e8c       0xa0 build/Drivers/STM32F7xx_HAL_Driver/Src/stm32f7xx_hal_pwr_ex.o
                0x08003e8c                HAL_PWREx_EnableOverDrive
 .text.HAL_Init
                0x08003f2c       0x1a build/Drivers/STM32F7xx_HAL_Driver/Src/stm32f7xx_hal.o
                0x08003f2c                HAL_Init
 *fill*         0x08003f46        0x2 
 .text.HAL_IncTick
                0x08003f48       0x28 build/Drivers/STM32F7xx_HAL_Driver/Src/stm32f7xx_hal.o
                0x08003f48                HAL_IncTick
 .text.HAL_GetTick
                0x08003f70       0x18 build/Drivers/STM32F7xx_HAL_Driver/Src/stm32f7xx_hal.o
                0x08003f70                HAL_GetTick
 .text.HAL_Delay
                0x08003f88       0x48 build/Drivers/STM32F7xx_HAL_Driver/Src/stm32f7xx_hal.o
                0x08003f88                HAL_Delay
 .text.HAL_ETH_Init
                0x08003fd0      0x134 build/Drivers/STM32F7xx_HAL_Driver/Src/stm32f7xx_hal_eth.o
                0x08003fd0                HAL_ETH_Init
 .text.HAL_ETH_Start
                0x08004104       0xbe build/Drivers/STM32F7xx_HAL_Driver/Src/stm32f7xx_hal_eth.o
                0x08004104                HAL_ETH_Start
 *fill*         0x080041c2        0x2 
 .text.HAL_ETH_Start_IT
                0x080041c4       0xe0 build/Drivers/STM32F7xx_HAL_Driver/Src/stm32f7xx_hal_eth.o
                0x080041c4                HAL_ETH_Start_IT
 .text.HAL_ETH_Stop
                0x080042a4       0xb2 build/Drivers/STM32F7xx_HAL_Driver/Src/stm32f7xx_hal_eth.o
                0x080042a4                HAL_ETH_Stop
 *fill*         0x08004356        0x2 
 .text.HAL_ETH_Stop_IT
                0x08004358      0x100 build/Drivers/STM32F7xx_HAL_Driver/Src/stm32f7xx_hal_eth.o
                0x08004358                HAL_ETH_Stop_IT
 .text.HAL_ETH_Transmit
                0x08004458      0x128 build/Drivers/STM32F7xx_HAL_Driver/Src/stm32f7xx_hal_eth.o
                0x08004458                HAL_ETH_Transmit
 .text.ETH_UpdateDescriptor
                0x08004580      0x108 build/Drivers/STM32F7xx_HAL_Driver/Src/stm32f7xx_hal_eth.o
 .text.HAL_ETH_ReadPHYRegister
                0x08004688       0x96 build/Drivers/STM32F7xx_HAL_Driver/Src/stm32f7xx_hal_eth.o
                0x08004688                HAL_ETH_ReadPHYRegister
 .text.HAL_ETH_WritePHYRegister
                0x0800471e       0x92 build/Drivers/STM32F7xx_HAL_Driver/Src/stm32f7xx_hal_eth.o
                0x0800471e                HAL_ETH_WritePHYRegister
 .text.HAL_ETH_GetMACConfig
                0x080047b0      0x1ee build/Drivers/STM32F7xx_HAL_Driver/Src/stm32f7xx_hal_eth.o
                0x080047b0                HAL_ETH_GetMACConfig
 .text.HAL_ETH_SetMACConfig
                0x0800499e       0x34 build/Drivers/STM32F7xx_HAL_Driver/Src/stm32f7xx_hal_eth.o
                0x0800499e                HAL_ETH_SetMACConfig
 *fill*         0x080049d2        0x2 
 .text.HAL_ETH_SetMDIOClockRange
                0x080049d4       0x84 build/Drivers/STM32F7xx_HAL_Driver/Src/stm32f7xx_hal_eth.o
                0x080049d4                HAL_ETH_SetMDIOClockRange
 .text.ETH_FlushTransmitFIFO
                0x08004a58       0x4a build/Drivers/STM32F7xx_HAL_Driver/Src/stm32f7xx_hal_eth.o
 *fill*         0x08004aa2        0x2 
 .text.ETH_SetMACConfig
                0x08004aa4      0x168 build/Drivers/STM32F7xx_HAL_Driver/Src/stm32f7xx_hal_eth.o
 .text.ETH_SetDMAConfig
                0x08004c0c      0x114 build/Drivers/STM32F7xx_HAL_Driver/Src/stm32f7xx_hal_eth.o
 .text.ETH_MACDMAConfig
                0x08004d20       0xea build/Drivers/STM32F7xx_HAL_Driver/Src/stm32f7xx_hal_eth.o
 *fill*         0x08004e0a        0x2 
 .text.ETH_MACAddressConfig
                0x08004e0c       0x70 build/Drivers/STM32F7xx_HAL_Driver/Src/stm32f7xx_hal_eth.o
 .text.ETH_DMATxDescListInit
                0x08004e7c       0xb2 build/Drivers/STM32F7xx_HAL_Driver/Src/stm32f7xx_hal_eth.o
 .text.ETH_DMARxDescListInit
                0x08004f2e       0xde build/Drivers/STM32F7xx_HAL_Driver/Src/stm32f7xx_hal_eth.o
 .text.ETH_Prepare_Tx_Descriptors
                0x0800500c      0x28c build/Drivers/STM32F7xx_HAL_Driver/Src/stm32f7xx_hal_eth.o
 .text.HAL_UART_Init
                0x08005298       0x9c build/Drivers/STM32F7xx_HAL_Driver/Src/stm32f7xx_hal_uart.o
                0x08005298                HAL_UART_Init
 .text.HAL_UART_Transmit
                0x08005334      0x112 build/Drivers/STM32F7xx_HAL_Driver/Src/stm32f7xx_hal_uart.o
                0x08005334                HAL_UART_Transmit
 *fill*         0x08005446        0x2 
 .text.UART_SetConfig
                0x08005448      0x4c8 build/Drivers/STM32F7xx_HAL_Driver/Src/stm32f7xx_hal_uart.o
                0x08005448                UART_SetConfig
 .text.UART_AdvFeatureConfig
                0x08005910      0x144 build/Drivers/STM32F7xx_HAL_Driver/Src/stm32f7xx_hal_uart.o
                0x08005910                UART_AdvFeatureConfig
 .text.UART_CheckIdleState
                0x08005a54       0xae build/Drivers/STM32F7xx_HAL_Driver/Src/stm32f7xx_hal_uart.o
                0x08005a54                UART_CheckIdleState
 .text.UART_WaitOnFlagUntilTimeout
                0x08005b02       0xda build/Drivers/STM32F7xx_HAL_Driver/Src/stm32f7xx_hal_uart.o
                0x08005b02                UART_WaitOnFlagUntilTimeout
 .text.UART_EndRxTransfer
                0x08005bdc       0xc8 build/Drivers/STM32F7xx_HAL_Driver/Src/stm32f7xx_hal_uart.o
 .text.HAL_TIM_Base_Init
                0x08005ca4       0xae build/Drivers/STM32F7xx_HAL_Driver/Src/stm32f7xx_hal_tim.o
                0x08005ca4                HAL_TIM_Base_Init
 .text.HAL_TIM_Base_MspInit
                0x08005d52       0x14 build/Drivers/STM32F7xx_HAL_Driver/Src/stm32f7xx_hal_tim.o
                0x08005d52                HAL_TIM_Base_MspInit
 *fill*         0x08005d66        0x2 
 .text.HAL_TIM_Base_Start_IT
                0x08005d68       0xf0 build/Drivers/STM32F7xx_HAL_Driver/Src/stm32f7xx_hal_tim.o
                0x08005d68                HAL_TIM_Base_Start_IT
 .text.HAL_TIM_IRQHandler
                0x08005e58      0x20e build/Drivers/STM32F7xx_HAL_Driver/Src/stm32f7xx_hal_tim.o
                0x08005e58                HAL_TIM_IRQHandler
 .text.HAL_TIM_OC_DelayElapsedCallback
                0x08006066       0x14 build/Drivers/STM32F7xx_HAL_Driver/Src/stm32f7xx_hal_tim.o
                0x08006066                HAL_TIM_OC_DelayElapsedCallback
 .text.HAL_TIM_IC_CaptureCallback
                0x0800607a       0x14 build/Drivers/STM32F7xx_HAL_Driver/Src/stm32f7xx_hal_tim.o
                0x0800607a                HAL_TIM_IC_CaptureCallback
 .text.HAL_TIM_PWM_PulseFinishedCallback
                0x0800608e       0x14 build/Drivers/STM32F7xx_HAL_Driver/Src/stm32f7xx_hal_tim.o
                0x0800608e                HAL_TIM_PWM_PulseFinishedCallback
 .text.HAL_TIM_TriggerCallback
                0x080060a2       0x14 build/Drivers/STM32F7xx_HAL_Driver/Src/stm32f7xx_hal_tim.o
                0x080060a2                HAL_TIM_TriggerCallback
 *fill*         0x080060b6        0x2 
 .text.TIM_Base_SetConfig
                0x080060b8      0x14c build/Drivers/STM32F7xx_HAL_Driver/Src/stm32f7xx_hal_tim.o
                0x080060b8                TIM_Base_SetConfig
 .text.HAL_TIMEx_CommutCallback
                0x08006204       0x14 build/Drivers/STM32F7xx_HAL_Driver/Src/stm32f7xx_hal_tim_ex.o
                0x08006204                HAL_TIMEx_CommutCallback
 .text.HAL_TIMEx_BreakCallback
                0x08006218       0x14 build/Drivers/STM32F7xx_HAL_Driver/Src/stm32f7xx_hal_tim_ex.o
                0x08006218                HAL_TIMEx_BreakCallback
 .text.HAL_TIMEx_Break2Callback
                0x0800622c       0x14 build/Drivers/STM32F7xx_HAL_Driver/Src/stm32f7xx_hal_tim_ex.o
                0x0800622c                HAL_TIMEx_Break2Callback
 .text.low_level_init
                0x08006240      0x140 build/Middlewares/stm32f746_lwip_withos_porting/LWIP/Target/ethernetif.o
 .text.low_level_output
                0x08006380      0x104 build/Middlewares/stm32f746_lwip_withos_porting/LWIP/Target/ethernetif.o
 .text.ethernetif_init
                0x08006484       0x5c build/Middlewares/stm32f746_lwip_withos_porting/LWIP/Target/ethernetif.o
                0x08006484                ethernetif_init
 .text.pbuf_free_custom
                0x080064e0       0x34 build/Middlewares/stm32f746_lwip_withos_porting/LWIP/Target/ethernetif.o
                0x080064e0                pbuf_free_custom
 .text.sys_now  0x08006514        0xe build/Middlewares/stm32f746_lwip_withos_porting/LWIP/Target/ethernetif.o
                0x08006514                sys_now
 *fill*         0x08006522        0x2 
 .text.HAL_ETH_MspInit
                0x08006524      0x130 build/Middlewares/stm32f746_lwip_withos_porting/LWIP/Target/ethernetif.o
                0x08006524                HAL_ETH_MspInit
 .text.ETH_PHY_IO_Init
                0x08006654       0x14 build/Middlewares/stm32f746_lwip_withos_porting/LWIP/Target/ethernetif.o
                0x08006654                ETH_PHY_IO_Init
 .text.ETH_PHY_IO_DeInit
                0x08006668       0x10 build/Middlewares/stm32f746_lwip_withos_porting/LWIP/Target/ethernetif.o
                0x08006668                ETH_PHY_IO_DeInit
 .text.ETH_PHY_IO_ReadReg
                0x08006678       0x34 build/Middlewares/stm32f746_lwip_withos_porting/LWIP/Target/ethernetif.o
                0x08006678                ETH_PHY_IO_ReadReg
 .text.ETH_PHY_IO_WriteReg
                0x080066ac       0x34 build/Middlewares/stm32f746_lwip_withos_porting/LWIP/Target/ethernetif.o
                0x080066ac                ETH_PHY_IO_WriteReg
 .text.ETH_PHY_IO_GetTick
                0x080066e0        0xe build/Middlewares/stm32f746_lwip_withos_porting/LWIP/Target/ethernetif.o
                0x080066e0                ETH_PHY_IO_GetTick
 *fill*         0x080066ee        0x2 
 .text.ethernet_link_check_state
                0x080066f0      0x118 build/Middlewares/stm32f746_lwip_withos_porting/LWIP/Target/ethernetif.o
                0x080066f0                ethernet_link_check_state
 .text.HAL_ETH_RxAllocateCallback
                0x08006808       0x60 build/Middlewares/stm32f746_lwip_withos_porting/LWIP/Target/ethernetif.o
                0x08006808                HAL_ETH_RxAllocateCallback
 .text.ethernet_link_thread
                0x08006868      0x11c build/Middlewares/stm32f746_lwip_withos_porting/LWIP/Target/ethernetif.o
                0x08006868                ethernet_link_thread
 .text.MX_LWIP_Init
                0x08006984      0x26c build/Middlewares/stm32f746_lwip_withos_porting/LWIP/App/lwip.o
                0x08006984                MX_LWIP_Init
 .text.ethernet_link_status_updated
                0x08006bf0       0x14 build/Middlewares/stm32f746_lwip_withos_porting/LWIP/App/lwip.o
 .text.sys_init
                0x08006c04        0xe build/Middlewares/stm32f746_lwip_withos_porting/LWIP/OS_portable/sys_arch.o
                0x08006c04                sys_init
 .text.sys_arch_protect
                0x08006c12        0xe build/Middlewares/stm32f746_lwip_withos_porting/LWIP/OS_portable/sys_arch.o
                0x08006c12                sys_arch_protect
 .text.sys_arch_unprotect
                0x08006c20       0x14 build/Middlewares/stm32f746_lwip_withos_porting/LWIP/OS_portable/sys_arch.o
                0x08006c20                sys_arch_unprotect
 .text.sys_mutex_new
                0x08006c34       0x4c build/Middlewares/stm32f746_lwip_withos_porting/LWIP/OS_portable/sys_arch.o
                0x08006c34                sys_mutex_new
 .text.sys_mutex_lock
                0x08006c80       0x6c build/Middlewares/stm32f746_lwip_withos_porting/LWIP/OS_portable/sys_arch.o
                0x08006c80                sys_mutex_lock
 .text.sys_mutex_unlock
                0x08006cec       0x68 build/Middlewares/stm32f746_lwip_withos_porting/LWIP/OS_portable/sys_arch.o
                0x08006cec                sys_mutex_unlock
 .text.sys_sem_signal
                0x08006d54       0x78 build/Middlewares/stm32f746_lwip_withos_porting/LWIP/OS_portable/sys_arch.o
                0x08006d54                sys_sem_signal
 .text.sys_mbox_new
                0x08006dcc       0x6c build/Middlewares/stm32f746_lwip_withos_porting/LWIP/OS_portable/sys_arch.o
                0x08006dcc                sys_mbox_new
 .text.sys_arch_mbox_fetch
                0x08006e38       0xc8 build/Middlewares/stm32f746_lwip_withos_porting/LWIP/OS_portable/sys_arch.o
                0x08006e38                sys_arch_mbox_fetch
 .text.sys_thread_new
                0x08006f00       0x74 build/Middlewares/stm32f746_lwip_withos_porting/LWIP/OS_portable/sys_arch.o
                0x08006f00                sys_thread_new
 .text.tcpip_timeouts_mbox_fetch
                0x08006f74       0x50 build/Middlewares/stm32f746_lwip_withos_porting/LWIP/src/api/tcpip.o
 .text.tcpip_thread
                0x08006fc4       0x60 build/Middlewares/stm32f746_lwip_withos_porting/LWIP/src/api/tcpip.o
 .text.tcpip_thread_handle_msg
                0x08007024       0xcc build/Middlewares/stm32f746_lwip_withos_porting/LWIP/src/api/tcpip.o
 .text.tcpip_init
                0x080070f0       0x70 build/Middlewares/stm32f746_lwip_withos_porting/LWIP/src/api/tcpip.o
                0x080070f0                tcpip_init
 .text.lwip_init
                0x08007160       0x26 build/Middlewares/stm32f746_lwip_withos_porting/LWIP/src/core/init.o
                0x08007160                lwip_init
 .text.lwip_htons
                0x08007186       0x2c build/Middlewares/stm32f746_lwip_withos_porting/LWIP/src/core/def.o
                0x08007186                lwip_htons
 *fill*         0x080071b2        0x2 
 .text.ptr_to_mem
                0x080071b4       0x24 build/Middlewares/stm32f746_lwip_withos_porting/LWIP/src/core/mem.o
 .text.mem_to_ptr
                0x080071d8       0x24 build/Middlewares/stm32f746_lwip_withos_porting/LWIP/src/core/mem.o
 .text.plug_holes
                0x080071fc      0x144 build/Middlewares/stm32f746_lwip_withos_porting/LWIP/src/core/mem.o
 .text.mem_init
                0x08007340       0x9c build/Middlewares/stm32f746_lwip_withos_porting/LWIP/src/core/mem.o
                0x08007340                mem_init
 .text.mem_link_valid
                0x080073dc       0x78 build/Middlewares/stm32f746_lwip_withos_porting/LWIP/src/core/mem.o
 .text.mem_free
                0x08007454      0x120 build/Middlewares/stm32f746_lwip_withos_porting/LWIP/src/core/mem.o
                0x08007454                mem_free
 .text.mem_trim
                0x08007574      0x214 build/Middlewares/stm32f746_lwip_withos_porting/LWIP/src/core/mem.o
                0x08007574                mem_trim
 .text.mem_malloc
                0x08007788      0x20c build/Middlewares/stm32f746_lwip_withos_porting/LWIP/src/core/mem.o
                0x08007788                mem_malloc
 .text.memp_init_pool
                0x08007994       0x60 build/Middlewares/stm32f746_lwip_withos_porting/LWIP/src/core/memp.o
                0x08007994                memp_init_pool
 .text.memp_init
                0x080079f4       0x34 build/Middlewares/stm32f746_lwip_withos_porting/LWIP/src/core/memp.o
                0x080079f4                memp_init
 .text.do_memp_malloc_pool
                0x08007a28       0x64 build/Middlewares/stm32f746_lwip_withos_porting/LWIP/src/core/memp.o
 .text.memp_malloc_pool
                0x08007a8c       0x44 build/Middlewares/stm32f746_lwip_withos_porting/LWIP/src/core/memp.o
                0x08007a8c                memp_malloc_pool
 .text.memp_malloc
                0x08007ad0       0x4c build/Middlewares/stm32f746_lwip_withos_porting/LWIP/src/core/memp.o
                0x08007ad0                memp_malloc
 .text.do_memp_free_pool
                0x08007b1c       0x58 build/Middlewares/stm32f746_lwip_withos_porting/LWIP/src/core/memp.o
 .text.memp_free_pool
                0x08007b74       0x48 build/Middlewares/stm32f746_lwip_withos_porting/LWIP/src/core/memp.o
                0x08007b74                memp_free_pool
 .text.memp_free
                0x08007bbc       0x54 build/Middlewares/stm32f746_lwip_withos_porting/LWIP/src/core/memp.o
                0x08007bbc                memp_free
 .text.netif_init
                0x08007c10        0xe build/Middlewares/stm32f746_lwip_withos_porting/LWIP/src/core/netif.o
                0x08007c10                netif_init
 *fill*         0x08007c1e        0x2 
 .text.netif_add
                0x08007c20      0x19c build/Middlewares/stm32f746_lwip_withos_porting/LWIP/src/core/netif.o
                0x08007c20                netif_add
 .text.netif_do_ip_addr_changed
                0x08007dbc       0x16 build/Middlewares/stm32f746_lwip_withos_porting/LWIP/src/core/netif.o
 *fill*         0x08007dd2        0x2 
 .text.netif_do_set_ipaddr
                0x08007dd4       0x94 build/Middlewares/stm32f746_lwip_withos_porting/LWIP/src/core/netif.o
 .text.netif_do_set_netmask
                0x08007e68       0x3e build/Middlewares/stm32f746_lwip_withos_porting/LWIP/src/core/netif.o
 .text.netif_do_set_gw
                0x08007ea6       0x3e build/Middlewares/stm32f746_lwip_withos_porting/LWIP/src/core/netif.o
 .text.netif_set_addr
                0x08007ee4       0x94 build/Middlewares/stm32f746_lwip_withos_porting/LWIP/src/core/netif.o
                0x08007ee4                netif_set_addr
 .text.netif_set_default
                0x08007f78       0x20 build/Middlewares/stm32f746_lwip_withos_porting/LWIP/src/core/netif.o
                0x08007f78                netif_set_default
 .text.netif_set_up
                0x08007f98       0x58 build/Middlewares/stm32f746_lwip_withos_porting/LWIP/src/core/netif.o
                0x08007f98                netif_set_up
 .text.netif_issue_reports
                0x08007ff0       0x80 build/Middlewares/stm32f746_lwip_withos_porting/LWIP/src/core/netif.o
 .text.netif_set_down
                0x08008070       0x64 build/Middlewares/stm32f746_lwip_withos_porting/LWIP/src/core/netif.o
                0x08008070                netif_set_down
 .text.netif_set_link_up
                0x080080d4       0x68 build/Middlewares/stm32f746_lwip_withos_porting/LWIP/src/core/netif.o
                0x080080d4                netif_set_link_up
 .text.netif_set_link_down
                0x0800813c       0x60 build/Middlewares/stm32f746_lwip_withos_porting/LWIP/src/core/netif.o
                0x0800813c                netif_set_link_down
 .text.netif_set_link_callback
                0x0800819c       0x22 build/Middlewares/stm32f746_lwip_withos_porting/LWIP/src/core/netif.o
                0x0800819c                netif_set_link_callback
 .text.netif_null_output_ip4
                0x080081be       0x1c build/Middlewares/stm32f746_lwip_withos_porting/LWIP/src/core/netif.o
 .text.pbuf_init_alloced_pbuf
                0x080081da       0x54 build/Middlewares/stm32f746_lwip_withos_porting/LWIP/src/core/pbuf.o
 *fill*         0x0800822e        0x2 
 .text.pbuf_alloc
                0x08008230      0x1e8 build/Middlewares/stm32f746_lwip_withos_porting/LWIP/src/core/pbuf.o
                0x08008230                pbuf_alloc
 .text.pbuf_alloc_reference
                0x08008418       0x68 build/Middlewares/stm32f746_lwip_withos_porting/LWIP/src/core/pbuf.o
                0x08008418                pbuf_alloc_reference
 .text.pbuf_alloced_custom
                0x08008480       0x68 build/Middlewares/stm32f746_lwip_withos_porting/LWIP/src/core/pbuf.o
                0x08008480                pbuf_alloced_custom
 .text.pbuf_realloc
                0x080084e8      0x110 build/Middlewares/stm32f746_lwip_withos_porting/LWIP/src/core/pbuf.o
                0x080084e8                pbuf_realloc
 .text.pbuf_add_header_impl
                0x080085f8       0xd0 build/Middlewares/stm32f746_lwip_withos_porting/LWIP/src/core/pbuf.o
 .text.pbuf_add_header
                0x080086c8       0x1e build/Middlewares/stm32f746_lwip_withos_porting/LWIP/src/core/pbuf.o
                0x080086c8                pbuf_add_header
 *fill*         0x080086e6        0x2 
 .text.pbuf_remove_header
                0x080086e8       0xa4 build/Middlewares/stm32f746_lwip_withos_porting/LWIP/src/core/pbuf.o
                0x080086e8                pbuf_remove_header
 .text.pbuf_header_impl
                0x0800878c       0x42 build/Middlewares/stm32f746_lwip_withos_porting/LWIP/src/core/pbuf.o
 .text.pbuf_header_force
                0x080087ce       0x24 build/Middlewares/stm32f746_lwip_withos_porting/LWIP/src/core/pbuf.o
                0x080087ce                pbuf_header_force
 *fill*         0x080087f2        0x2 
 .text.pbuf_free
                0x080087f4      0x11c build/Middlewares/stm32f746_lwip_withos_porting/LWIP/src/core/pbuf.o
                0x080087f4                pbuf_free
 .text.pbuf_clen
                0x08008910       0x2e build/Middlewares/stm32f746_lwip_withos_porting/LWIP/src/core/pbuf.o
                0x08008910                pbuf_clen
 *fill*         0x0800893e        0x2 
 .text.pbuf_ref
                0x08008940       0x50 build/Middlewares/stm32f746_lwip_withos_porting/LWIP/src/core/pbuf.o
                0x08008940                pbuf_ref
 .text.pbuf_cat
                0x08008990       0xac build/Middlewares/stm32f746_lwip_withos_porting/LWIP/src/core/pbuf.o
                0x08008990                pbuf_cat
 .text.pbuf_copy
                0x08008a3c      0x1a4 build/Middlewares/stm32f746_lwip_withos_porting/LWIP/src/core/pbuf.o
                0x08008a3c                pbuf_copy
 .text.pbuf_clone
                0x08008be0       0x64 build/Middlewares/stm32f746_lwip_withos_porting/LWIP/src/core/pbuf.o
                0x08008be0                pbuf_clone
 .text.sys_timeout_abs
                0x08008c44       0xdc build/Middlewares/stm32f746_lwip_withos_porting/LWIP/src/core/timeouts.o
 .text.lwip_cyclic_timer
                0x08008d20       0x64 build/Middlewares/stm32f746_lwip_withos_porting/LWIP/src/core/timeouts.o
 .text.sys_timeouts_init
                0x08008d84       0x44 build/Middlewares/stm32f746_lwip_withos_porting/LWIP/src/core/timeouts.o
                0x08008d84                sys_timeouts_init
 .text.sys_timeout
                0x08008dc8       0x4c build/Middlewares/stm32f746_lwip_withos_porting/LWIP/src/core/timeouts.o
                0x08008dc8                sys_timeout
 .text.sys_check_timeouts
                0x08008e14       0x74 build/Middlewares/stm32f746_lwip_withos_porting/LWIP/src/core/timeouts.o
                0x08008e14                sys_check_timeouts
 .text.sys_timeouts_sleeptime
                0x08008e88       0x70 build/Middlewares/stm32f746_lwip_withos_porting/LWIP/src/core/timeouts.o
                0x08008e88                sys_timeouts_sleeptime
 .text.etharp_free_entry
                0x08008ef8       0x64 build/Middlewares/stm32f746_lwip_withos_porting/LWIP/src/core/ipv4/etharp.o
 .text.etharp_tmr
                0x08008f5c      0x150 build/Middlewares/stm32f746_lwip_withos_porting/LWIP/src/core/ipv4/etharp.o
                0x08008f5c                etharp_tmr
 .text.etharp_find_entry
                0x080090ac      0x2f0 build/Middlewares/stm32f746_lwip_withos_porting/LWIP/src/core/ipv4/etharp.o
 .text.etharp_update_arp_entry
                0x0800939c      0x14c build/Middlewares/stm32f746_lwip_withos_porting/LWIP/src/core/ipv4/etharp.o
 .text.etharp_cleanup_netif
                0x080094e8       0x60 build/Middlewares/stm32f746_lwip_withos_porting/LWIP/src/core/ipv4/etharp.o
                0x080094e8                etharp_cleanup_netif
 .text.etharp_input
                0x08009548      0x114 build/Middlewares/stm32f746_lwip_withos_porting/LWIP/src/core/ipv4/etharp.o
                0x08009548                etharp_input
 .text.etharp_output_to_arp_index
                0x0800965c      0x134 build/Middlewares/stm32f746_lwip_withos_porting/LWIP/src/core/ipv4/etharp.o
 .text.etharp_output
                0x08009790      0x204 build/Middlewares/stm32f746_lwip_withos_porting/LWIP/src/core/ipv4/etharp.o
                0x08009790                etharp_output
 .text.etharp_query
                0x08009994      0x27c build/Middlewares/stm32f746_lwip_withos_porting/LWIP/src/core/ipv4/etharp.o
                0x08009994                etharp_query
 .text.etharp_raw
                0x08009c10      0x118 build/Middlewares/stm32f746_lwip_withos_porting/LWIP/src/core/ipv4/etharp.o
 .text.etharp_request_dst
                0x08009d28       0x44 build/Middlewares/stm32f746_lwip_withos_porting/LWIP/src/core/ipv4/etharp.o
 .text.etharp_request
                0x08009d6c       0x24 build/Middlewares/stm32f746_lwip_withos_porting/LWIP/src/core/ipv4/etharp.o
                0x08009d6c                etharp_request
 .text.icmp_input
                0x08009d90      0x208 build/Middlewares/stm32f746_lwip_withos_porting/LWIP/src/core/ipv4/icmp.o
                0x08009d90                icmp_input
 .text.icmp_dest_unreach
                0x08009f98       0x20 build/Middlewares/stm32f746_lwip_withos_porting/LWIP/src/core/ipv4/icmp.o
                0x08009f98                icmp_dest_unreach
 .text.icmp_time_exceeded
                0x08009fb8       0x20 build/Middlewares/stm32f746_lwip_withos_porting/LWIP/src/core/ipv4/icmp.o
                0x08009fb8                icmp_time_exceeded
 .text.icmp_send_response
                0x08009fd8       0xd4 build/Middlewares/stm32f746_lwip_withos_porting/LWIP/src/core/ipv4/icmp.o
 .text.ip4_addr_isbroadcast_u32
                0x0800a0ac       0x82 build/Middlewares/stm32f746_lwip_withos_porting/LWIP/src/core/ipv4/ip4_addr.o
                0x0800a0ac                ip4_addr_isbroadcast_u32
 *fill*         0x0800a12e        0x2 
 .text.ip_reass_tmr
                0x0800a130       0x58 build/Middlewares/stm32f746_lwip_withos_porting/LWIP/src/core/ipv4/ip4_frag.o
                0x0800a130                ip_reass_tmr
 .text.ip_reass_free_complete_datagram
                0x0800a188      0x148 build/Middlewares/stm32f746_lwip_withos_porting/LWIP/src/core/ipv4/ip4_frag.o
 .text.ip_reass_remove_oldest_datagram
                0x0800a2d0       0xc4 build/Middlewares/stm32f746_lwip_withos_porting/LWIP/src/core/ipv4/ip4_frag.o
 .text.ip_reass_enqueue_new_datagram
                0x0800a394       0x74 build/Middlewares/stm32f746_lwip_withos_porting/LWIP/src/core/ipv4/ip4_frag.o
 .text.ip_reass_dequeue_datagram
                0x0800a408       0x5c build/Middlewares/stm32f746_lwip_withos_porting/LWIP/src/core/ipv4/ip4_frag.o
 .text.ip_reass_chain_frag_into_datagram_and_validate
                0x0800a464      0x2d4 build/Middlewares/stm32f746_lwip_withos_porting/LWIP/src/core/ipv4/ip4_frag.o
 .text.ip4_reass
                0x0800a738      0x338 build/Middlewares/stm32f746_lwip_withos_porting/LWIP/src/core/ipv4/ip4_frag.o
                0x0800a738                ip4_reass
 .text.ip_frag_alloc_pbuf_custom_ref
                0x0800aa70       0x10 build/Middlewares/stm32f746_lwip_withos_porting/LWIP/src/core/ipv4/ip4_frag.o
 .text.ip_frag_free_pbuf_custom_ref
                0x0800aa80       0x38 build/Middlewares/stm32f746_lwip_withos_porting/LWIP/src/core/ipv4/ip4_frag.o
 .text.ipfrag_free_pbuf_custom
                0x0800aab8       0x68 build/Middlewares/stm32f746_lwip_withos_porting/LWIP/src/core/ipv4/ip4_frag.o
 .text.ip4_frag
                0x0800ab20      0x28c build/Middlewares/stm32f746_lwip_withos_porting/LWIP/src/core/ipv4/ip4_frag.o
                0x0800ab20                ip4_frag
 .text.ip4_route
                0x0800adac       0xe0 build/Middlewares/stm32f746_lwip_withos_porting/LWIP/src/core/ipv4/ip4.o
                0x0800adac                ip4_route
 .text.ip4_input_accept
                0x0800ae8c       0x54 build/Middlewares/stm32f746_lwip_withos_porting/LWIP/src/core/ipv4/ip4.o
 .text.ip4_input
                0x0800aee0      0x224 build/Middlewares/stm32f746_lwip_withos_porting/LWIP/src/core/ipv4/ip4.o
                0x0800aee0                ip4_input
 .text.ip4_output_if
                0x0800b104       0x54 build/Middlewares/stm32f746_lwip_withos_porting/LWIP/src/core/ipv4/ip4.o
                0x0800b104                ip4_output_if
 .text.ip4_output_if_src
                0x0800b158      0x15c build/Middlewares/stm32f746_lwip_withos_porting/LWIP/src/core/ipv4/ip4.o
                0x0800b158                ip4_output_if_src
 .text.ethernet_input
                0x0800b2b4      0x11c build/Middlewares/stm32f746_lwip_withos_porting/LWIP/src/netif/ethernet.o
                0x0800b2b4                ethernet_input
 .text.ethernet_output
                0x0800b3d0       0x90 build/Middlewares/stm32f746_lwip_withos_porting/LWIP/src/netif/ethernet.o
                0x0800b3d0                ethernet_output
 .text.pxPortInitialiseStack
                0x0800b460       0x68 build/Middlewares/stm32f746_lwip_withos_porting/FreeRTOS/portable/GCC/ARM_CM7/r0p1/port.o
                0x0800b460                pxPortInitialiseStack
 .text.prvTaskExitError
                0x0800b4c8       0x64 build/Middlewares/stm32f746_lwip_withos_porting/FreeRTOS/portable/GCC/ARM_CM7/r0p1/port.o
 .text.SVC_Handler
                0x0800b52c       0x24 build/Middlewares/stm32f746_lwip_withos_porting/FreeRTOS/portable/GCC/ARM_CM7/r0p1/port.o
                0x0800b52c                SVC_Handler
 .text.prvPortStartFirstTask
                0x0800b550       0x2c build/Middlewares/stm32f746_lwip_withos_porting/FreeRTOS/portable/GCC/ARM_CM7/r0p1/port.o
 .text.xPortStartScheduler
                0x0800b57c      0x1a0 build/Middlewares/stm32f746_lwip_withos_porting/FreeRTOS/portable/GCC/ARM_CM7/r0p1/port.o
                0x0800b57c                xPortStartScheduler
 .text.vPortEnterCritical
                0x0800b71c       0x6c build/Middlewares/stm32f746_lwip_withos_porting/FreeRTOS/portable/GCC/ARM_CM7/r0p1/port.o
                0x0800b71c                vPortEnterCritical
 .text.vPortExitCritical
                0x0800b788       0x58 build/Middlewares/stm32f746_lwip_withos_porting/FreeRTOS/portable/GCC/ARM_CM7/r0p1/port.o
                0x0800b788                vPortExitCritical
 .text.PendSV_Handler
                0x0800b7e0       0x64 build/Middlewares/stm32f746_lwip_withos_porting/FreeRTOS/portable/GCC/ARM_CM7/r0p1/port.o
                0x0800b7e0                PendSV_Handler
 .text.SysTick_Handler
                0x0800b844       0x48 build/Middlewares/stm32f746_lwip_withos_porting/FreeRTOS/portable/GCC/ARM_CM7/r0p1/port.o
                0x0800b844                SysTick_Handler
 .text.vPortSetupTimerInterrupt
                0x0800b88c       0x48 build/Middlewares/stm32f746_lwip_withos_porting/FreeRTOS/portable/GCC/ARM_CM7/r0p1/port.o
                0x0800b88c                vPortSetupTimerInterrupt
 .text.vPortEnableVFP
                0x0800b8d4       0x18 build/Middlewares/stm32f746_lwip_withos_porting/FreeRTOS/portable/GCC/ARM_CM7/r0p1/port.o
 .text.pvPortMalloc
                0x0800b8ec      0x288 build/Middlewares/stm32f746_lwip_withos_porting/FreeRTOS/Core/Src/heap_4.o
                0x0800b8ec                pvPortMalloc
 .text.vPortFree
                0x0800bb74       0xf8 build/Middlewares/stm32f746_lwip_withos_porting/FreeRTOS/Core/Src/heap_4.o
                0x0800bb74                vPortFree
 .text.prvHeapInit
                0x0800bc6c       0xb4 build/Middlewares/stm32f746_lwip_withos_porting/FreeRTOS/Core/Src/heap_4.o
 .text.prvInsertBlockIntoFreeList
                0x0800bd20       0xf8 build/Middlewares/stm32f746_lwip_withos_porting/FreeRTOS/Core/Src/heap_4.o
 .text.vListInitialise
                0x0800be18       0x40 build/Middlewares/stm32f746_lwip_withos_porting/FreeRTOS/Core/Src/list.o
                0x0800be18                vListInitialise
 .text.vListInitialiseItem
                0x0800be58       0x1a build/Middlewares/stm32f746_lwip_withos_porting/FreeRTOS/Core/Src/list.o
                0x0800be58                vListInitialiseItem
 .text.vListInsert
                0x0800be72       0x72 build/Middlewares/stm32f746_lwip_withos_porting/FreeRTOS/Core/Src/list.o
                0x0800be72                vListInsert
 .text.uxListRemove
                0x0800bee4       0x54 build/Middlewares/stm32f746_lwip_withos_porting/FreeRTOS/Core/Src/list.o
                0x0800bee4                uxListRemove
 .text.xQueueGenericReset
                0x0800bf38      0x12c build/Middlewares/stm32f746_lwip_withos_porting/FreeRTOS/Core/Src/queue.o
                0x0800bf38                xQueueGenericReset
 .text.xQueueGenericCreate
                0x0800c064       0xa2 build/Middlewares/stm32f746_lwip_withos_porting/FreeRTOS/Core/Src/queue.o
                0x0800c064                xQueueGenericCreate
 .text.prvInitialiseNewQueue
                0x0800c106       0x3e build/Middlewares/stm32f746_lwip_withos_porting/FreeRTOS/Core/Src/queue.o
 .text.prvInitialiseMutex
                0x0800c144       0x34 build/Middlewares/stm32f746_lwip_withos_porting/FreeRTOS/Core/Src/queue.o
 .text.xQueueCreateMutex
                0x0800c178       0x30 build/Middlewares/stm32f746_lwip_withos_porting/FreeRTOS/Core/Src/queue.o
                0x0800c178                xQueueCreateMutex
 .text.xQueueGiveMutexRecursive
                0x0800c1a8       0x6e build/Middlewares/stm32f746_lwip_withos_porting/FreeRTOS/Core/Src/queue.o
                0x0800c1a8                xQueueGiveMutexRecursive
 .text.xQueueTakeMutexRecursive
                0x0800c216       0xba build/Middlewares/stm32f746_lwip_withos_porting/FreeRTOS/Core/Src/queue.o
                0x0800c216                xQueueTakeMutexRecursive
 .text.xQueueGenericSend
                0x0800c2d0      0x214 build/Middlewares/stm32f746_lwip_withos_porting/FreeRTOS/Core/Src/queue.o
                0x0800c2d0                xQueueGenericSend
 .text.xQueueReceive
                0x0800c4e4      0x1d0 build/Middlewares/stm32f746_lwip_withos_porting/FreeRTOS/Core/Src/queue.o
                0x0800c4e4                xQueueReceive
 .text.xQueueSemaphoreTake
                0x0800c6b4      0x20c build/Middlewares/stm32f746_lwip_withos_porting/FreeRTOS/Core/Src/queue.o
                0x0800c6b4                xQueueSemaphoreTake
 .text.prvGetHighestPriorityOfWaitToReceiveList
                0x0800c8c0       0x30 build/Middlewares/stm32f746_lwip_withos_porting/FreeRTOS/Core/Src/queue.o
 .text.prvCopyDataToQueue
                0x0800c8f0       0xd4 build/Middlewares/stm32f746_lwip_withos_porting/FreeRTOS/Core/Src/queue.o
 .text.prvCopyDataFromQueue
                0x0800c9c4       0x4c build/Middlewares/stm32f746_lwip_withos_porting/FreeRTOS/Core/Src/queue.o
 .text.prvUnlockQueue
                0x0800ca10       0xa4 build/Middlewares/stm32f746_lwip_withos_porting/FreeRTOS/Core/Src/queue.o
 .text.prvIsQueueEmpty
                0x0800cab4       0x2c build/Middlewares/stm32f746_lwip_withos_porting/FreeRTOS/Core/Src/queue.o
 .text.prvIsQueueFull
                0x0800cae0       0x30 build/Middlewares/stm32f746_lwip_withos_porting/FreeRTOS/Core/Src/queue.o
 .text.prvCreateTask
                0x0800cb10       0x78 build/Middlewares/stm32f746_lwip_withos_porting/FreeRTOS/Core/Src/tasks.o
 .text.xTaskCreate
                0x0800cb88       0x46 build/Middlewares/stm32f746_lwip_withos_porting/FreeRTOS/Core/Src/tasks.o
                0x0800cb88                xTaskCreate
 .text.prvInitialiseNewTask
                0x0800cbce      0x118 build/Middlewares/stm32f746_lwip_withos_porting/FreeRTOS/Core/Src/tasks.o
 *fill*         0x0800cce6        0x2 
 .text.prvAddNewTaskToReadyList
                0x0800cce8      0x128 build/Middlewares/stm32f746_lwip_withos_porting/FreeRTOS/Core/Src/tasks.o
 .text.vTaskDelay
                0x0800ce10       0x70 build/Middlewares/stm32f746_lwip_withos_porting/FreeRTOS/Core/Src/tasks.o
                0x0800ce10                vTaskDelay
 .text.prvCreateIdleTasks
                0x0800ce80       0xac build/Middlewares/stm32f746_lwip_withos_porting/FreeRTOS/Core/Src/tasks.o
 .text.vTaskStartScheduler
                0x0800cf2c       0x84 build/Middlewares/stm32f746_lwip_withos_porting/FreeRTOS/Core/Src/tasks.o
                0x0800cf2c                vTaskStartScheduler
 .text.vTaskSuspendAll
                0x0800cfb0       0x1c build/Middlewares/stm32f746_lwip_withos_porting/FreeRTOS/Core/Src/tasks.o
                0x0800cfb0                vTaskSuspendAll
 .text.xTaskResumeAll
                0x0800cfcc      0x214 build/Middlewares/stm32f746_lwip_withos_porting/FreeRTOS/Core/Src/tasks.o
                0x0800cfcc                xTaskResumeAll
 .text.xTaskIncrementTick
                0x0800d1e0      0x238 build/Middlewares/stm32f746_lwip_withos_porting/FreeRTOS/Core/Src/tasks.o
                0x0800d1e0                xTaskIncrementTick
 .text.vTaskSwitchContext
                0x0800d418       0xc0 build/Middlewares/stm32f746_lwip_withos_porting/FreeRTOS/Core/Src/tasks.o
                0x0800d418                vTaskSwitchContext
 .text.vTaskPlaceOnEventList
                0x0800d4d8       0x50 build/Middlewares/stm32f746_lwip_withos_porting/FreeRTOS/Core/Src/tasks.o
                0x0800d4d8                vTaskPlaceOnEventList
 .text.xTaskRemoveFromEventList
                0x0800d528      0x1b8 build/Middlewares/stm32f746_lwip_withos_porting/FreeRTOS/Core/Src/tasks.o
                0x0800d528                xTaskRemoveFromEventList
 .text.vTaskInternalSetTimeOutState
                0x0800d6e0       0x2c build/Middlewares/stm32f746_lwip_withos_porting/FreeRTOS/Core/Src/tasks.o
                0x0800d6e0                vTaskInternalSetTimeOutState
 .text.xTaskCheckForTimeOut
                0x0800d70c       0xd8 build/Middlewares/stm32f746_lwip_withos_porting/FreeRTOS/Core/Src/tasks.o
                0x0800d70c                xTaskCheckForTimeOut
 .text.vTaskMissedYield
                0x0800d7e4       0x18 build/Middlewares/stm32f746_lwip_withos_porting/FreeRTOS/Core/Src/tasks.o
                0x0800d7e4                vTaskMissedYield
 .text.prvIdleTask
                0x0800d7fc       0x30 build/Middlewares/stm32f746_lwip_withos_porting/FreeRTOS/Core/Src/tasks.o
 .text.prvInitialiseTaskLists
                0x0800d82c       0x80 build/Middlewares/stm32f746_lwip_withos_porting/FreeRTOS/Core/Src/tasks.o
 .text.prvCheckTasksWaitingTermination
                0x0800d8ac       0x5c build/Middlewares/stm32f746_lwip_withos_porting/FreeRTOS/Core/Src/tasks.o
 .text.prvDeleteTCB
                0x0800d908       0x20 build/Middlewares/stm32f746_lwip_withos_porting/FreeRTOS/Core/Src/tasks.o
 .text.prvResetNextTaskUnblockTime
                0x0800d928       0x38 build/Middlewares/stm32f746_lwip_withos_porting/FreeRTOS/Core/Src/tasks.o
 .text.xTaskGetCurrentTaskHandle
                0x0800d960       0x20 build/Middlewares/stm32f746_lwip_withos_porting/FreeRTOS/Core/Src/tasks.o
                0x0800d960                xTaskGetCurrentTaskHandle
 .text.xTaskGetSchedulerState
                0x0800d980       0x3c build/Middlewares/stm32f746_lwip_withos_porting/FreeRTOS/Core/Src/tasks.o
                0x0800d980                xTaskGetSchedulerState
 .text.xTaskPriorityInherit
                0x0800d9bc      0x140 build/Middlewares/stm32f746_lwip_withos_porting/FreeRTOS/Core/Src/tasks.o
                0x0800d9bc                xTaskPriorityInherit
 .text.xTaskPriorityDisinherit
                0x0800dafc      0x158 build/Middlewares/stm32f746_lwip_withos_porting/FreeRTOS/Core/Src/tasks.o
                0x0800dafc                xTaskPriorityDisinherit
 .text.vTaskPriorityDisinheritAfterTimeout
                0x0800dc54      0x184 build/Middlewares/stm32f746_lwip_withos_porting/FreeRTOS/Core/Src/tasks.o
                0x0800dc54                vTaskPriorityDisinheritAfterTimeout
 .text.pvTaskIncrementMutexHeldCount
                0x0800ddd8       0x30 build/Middlewares/stm32f746_lwip_withos_porting/FreeRTOS/Core/Src/tasks.o
                0x0800ddd8                pvTaskIncrementMutexHeldCount
 .text.prvAddCurrentTaskToDelayedList
                0x0800de08      0x104 build/Middlewares/stm32f746_lwip_withos_porting/FreeRTOS/Core/Src/tasks.o
 .text.Reset_Handler
                0x0800df0c       0x50 build/bsp/stm32f746_lwip_withos_porting/startup_stm32f746xx.o
                0x0800df0c                Reset_Handler
 .text.Default_Handler
                0x0800df5c        0x2 build/bsp/stm32f746_lwip_withos_porting/startup_stm32f746xx.o
                0x0800df5c                RTC_Alarm_IRQHandler
                0x0800df5c                EXTI2_IRQHandler
                0x0800df5c                TIM8_CC_IRQHandler
                0x0800df5c                UART8_IRQHandler
                0x0800df5c                SPI4_IRQHandler
                0x0800df5c                TIM1_CC_IRQHandler
                0x0800df5c                DMA2_Stream5_IRQHandler
                0x0800df5c                DMA1_Stream5_IRQHandler
                0x0800df5c                PVD_IRQHandler
                0x0800df5c                TAMP_STAMP_IRQHandler
                0x0800df5c                CAN2_RX1_IRQHandler
                0x0800df5c                EXTI3_IRQHandler
                0x0800df5c                TIM8_TRG_COM_TIM14_IRQHandler
                0x0800df5c                TIM1_UP_TIM10_IRQHandler
                0x0800df5c                TIM8_UP_TIM13_IRQHandler
                0x0800df5c                I2C3_ER_IRQHandler
                0x0800df5c                EXTI0_IRQHandler
                0x0800df5c                I2C2_EV_IRQHandler
                0x0800df5c                DMA1_Stream2_IRQHandler
                0x0800df5c                CAN1_RX0_IRQHandler
                0x0800df5c                FPU_IRQHandler
                0x0800df5c                OTG_HS_WKUP_IRQHandler
                0x0800df5c                LTDC_ER_IRQHandler
                0x0800df5c                CAN2_SCE_IRQHandler
                0x0800df5c                DMA2_Stream2_IRQHandler
                0x0800df5c                SPI1_IRQHandler
                0x0800df5c                TIM1_BRK_TIM9_IRQHandler
                0x0800df5c                DCMI_IRQHandler
                0x0800df5c                CAN2_RX0_IRQHandler
                0x0800df5c                DMA2_Stream3_IRQHandler
                0x0800df5c                SAI2_IRQHandler
                0x0800df5c                USART6_IRQHandler
                0x0800df5c                USART3_IRQHandler
                0x0800df5c                CAN1_RX1_IRQHandler
                0x0800df5c                UART5_IRQHandler
                0x0800df5c                DMA2_Stream0_IRQHandler
                0x0800df5c                TIM4_IRQHandler
                0x0800df5c                QUADSPI_IRQHandler
                0x0800df5c                I2C1_EV_IRQHandler
                0x0800df5c                DMA1_Stream6_IRQHandler
                0x0800df5c                DMA1_Stream1_IRQHandler
                0x0800df5c                UART4_IRQHandler
                0x0800df5c                TIM3_IRQHandler
                0x0800df5c                RCC_IRQHandler
                0x0800df5c                TIM8_BRK_TIM12_IRQHandler
                0x0800df5c                Default_Handler
                0x0800df5c                CEC_IRQHandler
                0x0800df5c                EXTI15_10_IRQHandler
                0x0800df5c                ADC_IRQHandler
                0x0800df5c                DMA1_Stream7_IRQHandler
                0x0800df5c                SPI5_IRQHandler
                0x0800df5c                TIM7_IRQHandler
                0x0800df5c                SDMMC1_IRQHandler
                0x0800df5c                CAN2_TX_IRQHandler
                0x0800df5c                TIM5_IRQHandler
                0x0800df5c                DMA2_Stream7_IRQHandler
                0x0800df5c                I2C3_EV_IRQHandler
                0x0800df5c                EXTI9_5_IRQHandler
                0x0800df5c                RTC_WKUP_IRQHandler
                0x0800df5c                LTDC_IRQHandler
                0x0800df5c                ETH_WKUP_IRQHandler
                0x0800df5c                SPDIF_RX_IRQHandler
                0x0800df5c                SPI2_IRQHandler
                0x0800df5c                OTG_HS_EP1_IN_IRQHandler
                0x0800df5c                DMA1_Stream0_IRQHandler
                0x0800df5c                CAN1_TX_IRQHandler
                0x0800df5c                EXTI4_IRQHandler
                0x0800df5c                RNG_IRQHandler
                0x0800df5c                ETH_IRQHandler
                0x0800df5c                OTG_HS_EP1_OUT_IRQHandler
                0x0800df5c                WWDG_IRQHandler
                0x0800df5c                SPI6_IRQHandler
                0x0800df5c                I2C4_EV_IRQHandler
                0x0800df5c                TIM2_IRQHandler
                0x0800df5c                OTG_FS_WKUP_IRQHandler
                0x0800df5c                TIM1_TRG_COM_TIM11_IRQHandler
                0x0800df5c                OTG_HS_IRQHandler
                0x0800df5c                DMA2D_IRQHandler
                0x0800df5c                EXTI1_IRQHandler
                0x0800df5c                UART7_IRQHandler
                0x0800df5c                USART2_IRQHandler
                0x0800df5c                I2C2_ER_IRQHandler
                0x0800df5c                DMA2_Stream1_IRQHandler
                0x0800df5c                CAN1_SCE_IRQHandler
                0x0800df5c                FLASH_IRQHandler
                0x0800df5c                DMA2_Stream4_IRQHandler
                0x0800df5c                USART1_IRQHandler
                0x0800df5c                OTG_FS_IRQHandler
                0x0800df5c                SPI3_IRQHandler
                0x0800df5c                DMA1_Stream4_IRQHandler
                0x0800df5c                I2C1_ER_IRQHandler
                0x0800df5c                FMC_IRQHandler
                0x0800df5c                LPTIM1_IRQHandler
                0x0800df5c                I2C4_ER_IRQHandler
                0x0800df5c                DMA2_Stream6_IRQHandler
                0x0800df5c                SAI1_IRQHandler
                0x0800df5c                DMA1_Stream3_IRQHandler
 .text.__udivmoddi4
                0x0800df5e      0x2a0 C:/msys64/mingw64/bin/../lib/gcc/arm-none-eabi/13.3.0/thumb/v7e-m+fp/hard\libgcc.a(_udivmoddi4.o)
                0x0800df5e                __udivmoddi4
 *(.glue_7)
 .glue_7        0x0800e1fe        0x0 linker stubs
 *(.glue_7t)
 .glue_7t       0x0800e1fe        0x0 linker stubs
 *(.eh_frame)
 *fill*         0x0800e1fe        0x2 
 .eh_frame      0x0800e200        0x0 C:/msys64/mingw64/bin/../lib/gcc/arm-none-eabi/13.3.0/thumb/v7e-m+fp/hard/crtbegin.o
 *(.init)
 .init          0x0800e200        0x4 C:/msys64/mingw64/bin/../lib/gcc/arm-none-eabi/13.3.0/thumb/v7e-m+fp/hard/crti.o
                0x0800e200                _init
 .init          0x0800e204        0x8 C:/msys64/mingw64/bin/../lib/gcc/arm-none-eabi/13.3.0/thumb/v7e-m+fp/hard/crtn.o
 *(.fini)
 .fini          0x0800e20c        0x4 C:/msys64/mingw64/bin/../lib/gcc/arm-none-eabi/13.3.0/thumb/v7e-m+fp/hard/crti.o
                0x0800e20c                _fini
 .fini          0x0800e210        0x8 C:/msys64/mingw64/bin/../lib/gcc/arm-none-eabi/13.3.0/thumb/v7e-m+fp/hard/crtn.o
                0x0800e218                        . = ALIGN (0x4)
                0x0800e218                        _etext = .

.vfp11_veneer   0x0800e218        0x0
 .vfp11_veneer  0x0800e218        0x0 linker stubs

.v4_bx          0x0800e218        0x0
 .v4_bx         0x0800e218        0x0 linker stubs

.iplt           0x0800e218        0x0
 .iplt          0x0800e218        0x0 C:/msys64/mingw64/bin/../lib/gcc/arm-none-eabi/13.3.0/thumb/v7e-m+fp/hard/crtbegin.o

.rodata         0x0800e218     0x16e0
                0x0800e218                        . = ALIGN (0x4)
 *(.rodata)
 .rodata        0x0800e218       0x12 build/Core/src/stm32f746_lwip_withos_porting/main.o
 *fill*         0x0800e22a        0x2 
 .rodata        0x0800e22c       0x7c build/Middlewares/stm32f746_lwip_withos_porting/LWIP/Target/ethernetif.o
 .rodata        0x0800e2a8        0x8 build/Middlewares/stm32f746_lwip_withos_porting/LWIP/App/lwip.o
 .rodata        0x0800e2b0      0x205 build/Middlewares/stm32f746_lwip_withos_porting/LWIP/OS_portable/sys_arch.o
 *fill*         0x0800e4b5        0x3 
 .rodata        0x0800e4b8       0xe5 build/Middlewares/stm32f746_lwip_withos_porting/LWIP/src/api/tcpip.o
 *fill*         0x0800e59d        0x3 
 .rodata        0x0800e5a0      0x287 build/Middlewares/stm32f746_lwip_withos_porting/LWIP/src/core/mem.o
 *fill*         0x0800e827        0x1 
 .rodata        0x0800e828       0xfb build/Middlewares/stm32f746_lwip_withos_porting/LWIP/src/core/memp.o
 *fill*         0x0800e923        0x1 
 .rodata        0x0800e924      0x23b build/Middlewares/stm32f746_lwip_withos_porting/LWIP/src/core/netif.o
 *fill*         0x0800eb5f        0x1 
 .rodata        0x0800eb60      0x495 build/Middlewares/stm32f746_lwip_withos_porting/LWIP/src/core/pbuf.o
 *fill*         0x0800eff5        0x3 
 .rodata        0x0800eff8       0xf6 build/Middlewares/stm32f746_lwip_withos_porting/LWIP/src/core/timeouts.o
 *fill*         0x0800f0ee        0x2 
 .rodata        0x0800f0f0      0x285 build/Middlewares/stm32f746_lwip_withos_porting/LWIP/src/core/ipv4/etharp.o
 *fill*         0x0800f375        0x3 
 .rodata        0x0800f378      0x104 build/Middlewares/stm32f746_lwip_withos_porting/LWIP/src/core/ipv4/icmp.o
 .rodata        0x0800f47c      0x233 build/Middlewares/stm32f746_lwip_withos_porting/LWIP/src/core/ipv4/ip4_frag.o
 *fill*         0x0800f6af        0x1 
 .rodata        0x0800f6b0       0xa5 build/Middlewares/stm32f746_lwip_withos_porting/LWIP/src/core/ipv4/ip4.o
 *fill*         0x0800f755        0x3 
 .rodata        0x0800f758       0xa0 build/Middlewares/stm32f746_lwip_withos_porting/LWIP/src/netif/ethernet.o
 .rodata        0x0800f7f8        0x5 build/Middlewares/stm32f746_lwip_withos_porting/FreeRTOS/Core/Src/tasks.o
 *(.rodata*)
 *fill*         0x0800f7fd        0x3 
 .rodata.AHBPrescTable
                0x0800f800       0x10 build/bsp/stm32f746_lwip_withos_porting/system_stm32f7xx.o
                0x0800f800                AHBPrescTable
 .rodata.APBPrescTable
                0x0800f810        0x8 build/bsp/stm32f746_lwip_withos_porting/system_stm32f7xx.o
                0x0800f810                APBPrescTable
 .rodata.memp_RX_POOL
                0x0800f818        0xc build/Middlewares/stm32f746_lwip_withos_porting/LWIP/Target/ethernetif.o
                0x0800f818                memp_RX_POOL
 .rodata.memp_REASSDATA
                0x0800f824        0xc build/Middlewares/stm32f746_lwip_withos_porting/LWIP/src/core/memp.o
                0x0800f824                memp_REASSDATA
 .rodata.memp_FRAG_PBUF
                0x0800f830        0xc build/Middlewares/stm32f746_lwip_withos_porting/LWIP/src/core/memp.o
                0x0800f830                memp_FRAG_PBUF
 .rodata.memp_TCPIP_MSG_API
                0x0800f83c        0xc build/Middlewares/stm32f746_lwip_withos_porting/LWIP/src/core/memp.o
                0x0800f83c                memp_TCPIP_MSG_API
 .rodata.memp_TCPIP_MSG_INPKT
                0x0800f848        0xc build/Middlewares/stm32f746_lwip_withos_porting/LWIP/src/core/memp.o
                0x0800f848                memp_TCPIP_MSG_INPKT
 .rodata.memp_SYS_TIMEOUT
                0x0800f854        0xc build/Middlewares/stm32f746_lwip_withos_porting/LWIP/src/core/memp.o
                0x0800f854                memp_SYS_TIMEOUT
 .rodata.memp_PBUF
                0x0800f860        0xc build/Middlewares/stm32f746_lwip_withos_porting/LWIP/src/core/memp.o
                0x0800f860                memp_PBUF
 .rodata.memp_PBUF_POOL
                0x0800f86c        0xc build/Middlewares/stm32f746_lwip_withos_porting/LWIP/src/core/memp.o
                0x0800f86c                memp_PBUF_POOL
 .rodata.memp_pools
                0x0800f878       0x1c build/Middlewares/stm32f746_lwip_withos_porting/LWIP/src/core/memp.o
                0x0800f878                memp_pools
 .rodata.lwip_cyclic_timers
                0x0800f894       0x10 build/Middlewares/stm32f746_lwip_withos_porting/LWIP/src/core/timeouts.o
                0x0800f894                lwip_cyclic_timers
 .rodata.ip_addr_any
                0x0800f8a4        0x4 build/Middlewares/stm32f746_lwip_withos_porting/LWIP/src/core/ipv4/ip4_addr.o
                0x0800f8a4                ip_addr_any
 .rodata.ethbroadcast
                0x0800f8a8        0x6 build/Middlewares/stm32f746_lwip_withos_porting/LWIP/src/netif/ethernet.o
                0x0800f8a8                ethbroadcast
 *fill*         0x0800f8ae        0x2 
 .rodata.ethzero
                0x0800f8b0        0x6 build/Middlewares/stm32f746_lwip_withos_porting/LWIP/src/netif/ethernet.o
                0x0800f8b0                ethzero
 *fill*         0x0800f8b6        0x2 
 .rodata.uxTopUsedPriority
                0x0800f8b8        0x4 build/Middlewares/stm32f746_lwip_withos_porting/FreeRTOS/Core/Src/tasks.o
 .rodata.str1.4
                0x0800f8bc       0x39 C:/msys64/mingw64/bin/../lib/gcc/arm-none-eabi/13.3.0/../../../../arm-none-eabi/lib/thumb/v7e-m+fp/hard\libc_nano.a(libc_a-nano-vfprintf.o)
                                 0x13 (size before relaxing)
 .rodata.str1.4
                0x0800f8f5        0x0 C:/msys64/mingw64/bin/../lib/gcc/arm-none-eabi/13.3.0/../../../../arm-none-eabi/lib/thumb/v7e-m+fp/hard\libc_nano.a(libc_a-nano-vfprintf_i.o)
                                 0x25 (size before relaxing)
                0x0800f8f8                        . = ALIGN (0x4)
 *fill*         0x0800f8f5        0x3 

.ARM.extab      0x0800f8f8        0x0
                0x0800f8f8                        . = ALIGN (0x4)
 *(.ARM.extab* .gnu.linkonce.armextab.*)
                0x0800f8f8                        . = ALIGN (0x4)

.ARM            0x0800f8f8        0x8
                0x0800f8f8                        . = ALIGN (0x4)
                0x0800f8f8                        __exidx_start = .
 *(.ARM.exidx*)
 .ARM.exidx     0x0800f8f8        0x8 C:/msys64/mingw64/bin/../lib/gcc/arm-none-eabi/13.3.0/../../../../arm-none-eabi/lib/thumb/v7e-m+fp/hard\libc_nano.a(libc_a-memcpy.o)
 .ARM.exidx     0x0800f900        0x0 C:/msys64/mingw64/bin/../lib/gcc/arm-none-eabi/13.3.0/../../../../arm-none-eabi/lib/thumb/v7e-m+fp/hard\libc_nano.a(libc_a-memchr.o)
                                  0x8 (size before relaxing)
 .ARM.exidx.text.__udivmoddi4
                0x0800f900        0x0 C:/msys64/mingw64/bin/../lib/gcc/arm-none-eabi/13.3.0/thumb/v7e-m+fp/hard\libgcc.a(_udivmoddi4.o)
                                  0x8 (size before relaxing)
                0x0800f900                        __exidx_end = .
                0x0800f900                        . = ALIGN (0x4)

.preinit_array  0x0800f900        0x0
                0x0800f900                        . = ALIGN (0x4)
                0x0800f900                        PROVIDE (__preinit_array_start = .)
 *(.preinit_array*)
                0x0800f900                        PROVIDE (__preinit_array_end = .)
                0x0800f900                        . = ALIGN (0x4)

.init_array     0x0800f900        0x4
                0x0800f900                        . = ALIGN (0x4)
                0x0800f900                        PROVIDE (__init_array_start = .)
 *(SORT_BY_NAME(.init_array.*))
 *(.init_array*)
 .init_array    0x0800f900        0x4 C:/msys64/mingw64/bin/../lib/gcc/arm-none-eabi/13.3.0/thumb/v7e-m+fp/hard/crtbegin.o
                0x0800f904                        PROVIDE (__init_array_end = .)
                0x0800f904                        . = ALIGN (0x4)

.fini_array     0x0800f904        0x4
                0x0800f904                        . = ALIGN (0x4)
                0x0800f904                        PROVIDE (__fini_array_start = .)
 *(SORT_BY_NAME(.fini_array.*))
 *(.fini_array*)
 .fini_array    0x0800f904        0x4 C:/msys64/mingw64/bin/../lib/gcc/arm-none-eabi/13.3.0/thumb/v7e-m+fp/hard/crtbegin.o
                0x0800f908                        PROVIDE (__fini_array_end = .)
                0x0800f908                        . = ALIGN (0x4)
                0x0800f908                        _sidata = LOADADDR (.data)

.rel.dyn        0x0800f908        0x0
 .rel.iplt      0x0800f908        0x0 C:/msys64/mingw64/bin/../lib/gcc/arm-none-eabi/13.3.0/thumb/v7e-m+fp/hard/crtbegin.o

.data           0x20000000       0x80 load address 0x0800f908
                0x20000000                        . = ALIGN (0x4)
                0x20000000                        _sdata = .
 *(.data)
 .data          0x20000000        0xc C:/msys64/mingw64/bin/../lib/gcc/arm-none-eabi/13.3.0/../../../../arm-none-eabi/lib/thumb/v7e-m+fp/hard\libc_nano.a(libc_a-findfp.o)
                0x20000000                __sglue
 .data          0x2000000c       0x50 C:/msys64/mingw64/bin/../lib/gcc/arm-none-eabi/13.3.0/../../../../arm-none-eabi/lib/thumb/v7e-m+fp/hard\libc_nano.a(libc_a-impure.o)
                0x2000000c                _impure_ptr
                0x20000010                _impure_data
 *(.data*)
 .data.SystemCoreClock
                0x2000005c        0x4 build/bsp/stm32f746_lwip_withos_porting/system_stm32f7xx.o
                0x2000005c                SystemCoreClock
 .data.uwTickPrio
                0x20000060        0x4 build/Drivers/STM32F7xx_HAL_Driver/Src/stm32f7xx_hal.o
                0x20000060                uwTickPrio
 .data.uwTickFreq
                0x20000064        0x1 build/Drivers/STM32F7xx_HAL_Driver/Src/stm32f7xx_hal.o
                0x20000064                uwTickFreq
 *fill*         0x20000065        0x3 
 .data.LAN8742_IOCtx
                0x20000068       0x14 build/Middlewares/stm32f746_lwip_withos_porting/LWIP/Target/ethernetif.o
                0x20000068                LAN8742_IOCtx
 .data.uxCriticalNesting
                0x2000007c        0x4 build/Middlewares/stm32f746_lwip_withos_porting/FreeRTOS/portable/GCC/ARM_CM7/r0p1/port.o
 *(.RamFunc)
 *(.RamFunc*)
                0x20000080                        . = ALIGN (0x4)
                0x20000080                        _edata = .

.igot.plt       0x20000080        0x0 load address 0x0800f988
 .igot.plt      0x20000080        0x0 C:/msys64/mingw64/bin/../lib/gcc/arm-none-eabi/13.3.0/thumb/v7e-m+fp/hard/crtbegin.o

.RxDecripSection
                0x20000080       0xa0 load address 0x0800f988
 .RxDecripSection
                0x20000080       0xa0 build/Middlewares/stm32f746_lwip_withos_porting/LWIP/Target/ethernetif.o
                0x20000080                DMARxDscrTab

.TxDecripSection
                0x20000120       0xa0 load address 0x0800fa28
 .TxDecripSection
                0x20000120       0xa0 build/Middlewares/stm32f746_lwip_withos_porting/LWIP/Target/ethernetif.o
                0x20000120                DMATxDscrTab
                0x200001c0                        . = ALIGN (0x4)

.bss            0x200001c0     0xfa34 load address 0x0800fac8
                0x200001c0                        _sbss = .
                0x200001c0                        __bss_start__ = _sbss
 *(.bss)
 .bss           0x200001c0      0x13c C:/msys64/mingw64/bin/../lib/gcc/arm-none-eabi/13.3.0/../../../../arm-none-eabi/lib/thumb/v7e-m+fp/hard\libc_nano.a(libc_a-findfp.o)
                0x200001c0                __sf
                0x200002f8                __stdio_exit_handler
 .bss           0x200002fc        0x4 C:/msys64/mingw64/bin/../lib/gcc/arm-none-eabi/13.3.0/../../../../arm-none-eabi/lib/thumb/v7e-m+fp/hard\libc_nano.a(libc_a-reent.o)
                0x200002fc                errno
 .bss           0x20000300       0x1d C:/msys64/mingw64/bin/../lib/gcc/arm-none-eabi/13.3.0/../../../../arm-none-eabi/lib/thumb/v7e-m+fp/hard\libc_nano.a(libc_a-lock.o)
                0x20000300                __lock___arc4random_mutex
                0x20000304                __lock___dd_hash_mutex
                0x20000308                __lock___tz_mutex
                0x2000030c                __lock___env_recursive_mutex
                0x20000310                __lock___malloc_recursive_mutex
                0x20000314                __lock___at_quick_exit_mutex
                0x20000318                __lock___atexit_recursive_mutex
                0x2000031c                __lock___sfp_recursive_mutex
 *fill*         0x2000031d        0x3 
 .bss           0x20000320        0x8 C:/msys64/mingw64/bin/../lib/gcc/arm-none-eabi/13.3.0/../../../../arm-none-eabi/lib/thumb/v7e-m+fp/hard\libc_nano.a(libc_a-mallocr.o)
                0x20000320                __malloc_sbrk_start
                0x20000324                __malloc_free_list
 *(.bss*)
 .bss.completed.1
                0x20000328        0x1 C:/msys64/mingw64/bin/../lib/gcc/arm-none-eabi/13.3.0/thumb/v7e-m+fp/hard/crtbegin.o
 *fill*         0x20000329        0x3 
 .bss.object.0  0x2000032c       0x18 C:/msys64/mingw64/bin/../lib/gcc/arm-none-eabi/13.3.0/thumb/v7e-m+fp/hard/crtbegin.o
 .bss.huart1    0x20000344       0x88 build/Core/src/stm32f746_lwip_withos_porting/main.o
                0x20000344                huart1
 .bss.htim6     0x200003cc       0x4c build/Core/src/stm32f746_lwip_withos_porting/stm32f7xx_hal_timebase_tim.o
                0x200003cc                htim6
 .bss.__sbrk_heap_end
                0x20000418        0x4 build/Core/src/stm32f746_lwip_withos_porting/sysmem.o
 .bss.uwTick    0x2000041c        0x4 build/Drivers/STM32F7xx_HAL_Driver/Src/stm32f7xx_hal.o
                0x2000041c                uwTick
 .bss.memp_memory_RX_POOL_base
                0x20000420     0x4983 build/Middlewares/stm32f746_lwip_withos_porting/LWIP/Target/ethernetif.o
                0x20000420                memp_memory_RX_POOL_base
 *fill*         0x20004da3        0x1 
 .bss.memp_tab_RX_POOL
                0x20004da4        0x4 build/Middlewares/stm32f746_lwip_withos_porting/LWIP/Target/ethernetif.o
 .bss.RxAllocStatus
                0x20004da8        0x1 build/Middlewares/stm32f746_lwip_withos_porting/LWIP/Target/ethernetif.o
 *fill*         0x20004da9        0x3 
 .bss.heth      0x20004dac       0xb0 build/Middlewares/stm32f746_lwip_withos_porting/LWIP/Target/ethernetif.o
                0x20004dac                heth
 .bss.TxConfig  0x20004e5c       0x38 build/Middlewares/stm32f746_lwip_withos_porting/LWIP/Target/ethernetif.o
                0x20004e5c                TxConfig
 .bss.LAN8742   0x20004e94       0x20 build/Middlewares/stm32f746_lwip_withos_porting/LWIP/Target/ethernetif.o
                0x20004e94                LAN8742
 .bss.gnetif    0x20004eb4       0x34 build/Middlewares/stm32f746_lwip_withos_porting/LWIP/App/lwip.o
                0x20004eb4                gnetif
 .bss.ipaddr    0x20004ee8        0x4 build/Middlewares/stm32f746_lwip_withos_porting/LWIP/App/lwip.o
                0x20004ee8                ipaddr
 .bss.netmask   0x20004eec        0x4 build/Middlewares/stm32f746_lwip_withos_porting/LWIP/App/lwip.o
                0x20004eec                netmask
 .bss.gw        0x20004ef0        0x4 build/Middlewares/stm32f746_lwip_withos_porting/LWIP/App/lwip.o
                0x20004ef0                gw
 .bss.IP_ADDRESS
                0x20004ef4        0x4 build/Middlewares/stm32f746_lwip_withos_porting/LWIP/App/lwip.o
                0x20004ef4                IP_ADDRESS
 .bss.NETMASK_ADDRESS
                0x20004ef8        0x4 build/Middlewares/stm32f746_lwip_withos_porting/LWIP/App/lwip.o
                0x20004ef8                NETMASK_ADDRESS
 .bss.GATEWAY_ADDRESS
                0x20004efc        0x4 build/Middlewares/stm32f746_lwip_withos_porting/LWIP/App/lwip.o
                0x20004efc                GATEWAY_ADDRESS
 .bss.tcpip_init_done
                0x20004f00        0x4 build/Middlewares/stm32f746_lwip_withos_porting/LWIP/src/api/tcpip.o
 .bss.tcpip_init_done_arg
                0x20004f04        0x4 build/Middlewares/stm32f746_lwip_withos_porting/LWIP/src/api/tcpip.o
 .bss.tcpip_mbox
                0x20004f08        0x4 build/Middlewares/stm32f746_lwip_withos_porting/LWIP/src/api/tcpip.o
 .bss.ip_data   0x20004f0c       0x18 build/Middlewares/stm32f746_lwip_withos_porting/LWIP/src/core/ip.o
                0x20004f0c                ip_data
 .bss.ram       0x20004f24        0x4 build/Middlewares/stm32f746_lwip_withos_porting/LWIP/src/core/mem.o
 .bss.ram_end   0x20004f28        0x4 build/Middlewares/stm32f746_lwip_withos_porting/LWIP/src/core/mem.o
 .bss.mem_mutex
                0x20004f2c        0x4 build/Middlewares/stm32f746_lwip_withos_porting/LWIP/src/core/mem.o
 .bss.lfree     0x20004f30        0x4 build/Middlewares/stm32f746_lwip_withos_porting/LWIP/src/core/mem.o
 .bss.memp_memory_REASSDATA_base
                0x20004f34       0xa3 build/Middlewares/stm32f746_lwip_withos_porting/LWIP/src/core/memp.o
                0x20004f34                memp_memory_REASSDATA_base
 *fill*         0x20004fd7        0x1 
 .bss.memp_tab_REASSDATA
                0x20004fd8        0x4 build/Middlewares/stm32f746_lwip_withos_porting/LWIP/src/core/memp.o
 .bss.memp_memory_FRAG_PBUF_base
                0x20004fdc      0x16b build/Middlewares/stm32f746_lwip_withos_porting/LWIP/src/core/memp.o
                0x20004fdc                memp_memory_FRAG_PBUF_base
 *fill*         0x20005147        0x1 
 .bss.memp_tab_FRAG_PBUF
                0x20005148        0x4 build/Middlewares/stm32f746_lwip_withos_porting/LWIP/src/core/memp.o
 .bss.memp_memory_TCPIP_MSG_API_base
                0x2000514c       0x83 build/Middlewares/stm32f746_lwip_withos_porting/LWIP/src/core/memp.o
                0x2000514c                memp_memory_TCPIP_MSG_API_base
 *fill*         0x200051cf        0x1 
 .bss.memp_tab_TCPIP_MSG_API
                0x200051d0        0x4 build/Middlewares/stm32f746_lwip_withos_porting/LWIP/src/core/memp.o
 .bss.memp_memory_TCPIP_MSG_INPKT_base
                0x200051d4       0x83 build/Middlewares/stm32f746_lwip_withos_porting/LWIP/src/core/memp.o
                0x200051d4                memp_memory_TCPIP_MSG_INPKT_base
 *fill*         0x20005257        0x1 
 .bss.memp_tab_TCPIP_MSG_INPKT
                0x20005258        0x4 build/Middlewares/stm32f746_lwip_withos_porting/LWIP/src/core/memp.o
 .bss.memp_memory_SYS_TIMEOUT_base
                0x2000525c       0x23 build/Middlewares/stm32f746_lwip_withos_porting/LWIP/src/core/memp.o
                0x2000525c                memp_memory_SYS_TIMEOUT_base
 *fill*         0x2000527f        0x1 
 .bss.memp_tab_SYS_TIMEOUT
                0x20005280        0x4 build/Middlewares/stm32f746_lwip_withos_porting/LWIP/src/core/memp.o
 .bss.memp_memory_PBUF_base
                0x20005284      0x103 build/Middlewares/stm32f746_lwip_withos_porting/LWIP/src/core/memp.o
                0x20005284                memp_memory_PBUF_base
 *fill*         0x20005387        0x1 
 .bss.memp_tab_PBUF
                0x20005388        0x4 build/Middlewares/stm32f746_lwip_withos_porting/LWIP/src/core/memp.o
 .bss.memp_memory_PBUF_POOL_base
                0x2000538c     0x2603 build/Middlewares/stm32f746_lwip_withos_porting/LWIP/src/core/memp.o
                0x2000538c                memp_memory_PBUF_POOL_base
 *fill*         0x2000798f        0x1 
 .bss.memp_tab_PBUF_POOL
                0x20007990        0x4 build/Middlewares/stm32f746_lwip_withos_porting/LWIP/src/core/memp.o
 .bss.netif_list
                0x20007994        0x4 build/Middlewares/stm32f746_lwip_withos_porting/LWIP/src/core/netif.o
                0x20007994                netif_list
 .bss.netif_default
                0x20007998        0x4 build/Middlewares/stm32f746_lwip_withos_porting/LWIP/src/core/netif.o
                0x20007998                netif_default
 .bss.netif_num
                0x2000799c        0x1 build/Middlewares/stm32f746_lwip_withos_porting/LWIP/src/core/netif.o
 *fill*         0x2000799d        0x3 
 .bss.next_timeout
                0x200079a0        0x4 build/Middlewares/stm32f746_lwip_withos_porting/LWIP/src/core/timeouts.o
 .bss.current_timeout_due_time
                0x200079a4        0x4 build/Middlewares/stm32f746_lwip_withos_porting/LWIP/src/core/timeouts.o
 .bss.arp_table
                0x200079a8       0xf0 build/Middlewares/stm32f746_lwip_withos_porting/LWIP/src/core/ipv4/etharp.o
 .bss.etharp_cached_entry
                0x20007a98        0x1 build/Middlewares/stm32f746_lwip_withos_porting/LWIP/src/core/ipv4/etharp.o
 *fill*         0x20007a99        0x3 
 .bss.reassdatagrams
                0x20007a9c        0x4 build/Middlewares/stm32f746_lwip_withos_porting/LWIP/src/core/ipv4/ip4_frag.o
 .bss.ip_reass_pbufcount
                0x20007aa0        0x2 build/Middlewares/stm32f746_lwip_withos_porting/LWIP/src/core/ipv4/ip4_frag.o
 .bss.ip_id     0x20007aa2        0x2 build/Middlewares/stm32f746_lwip_withos_porting/LWIP/src/core/ipv4/ip4.o
 .bss.ucMaxSysCallPriority
                0x20007aa4        0x1 build/Middlewares/stm32f746_lwip_withos_porting/FreeRTOS/portable/GCC/ARM_CM7/r0p1/port.o
 *fill*         0x20007aa5        0x3 
 .bss.ulMaxPRIGROUPValue
                0x20007aa8        0x4 build/Middlewares/stm32f746_lwip_withos_porting/FreeRTOS/portable/GCC/ARM_CM7/r0p1/port.o
 .bss.ucHeap    0x20007aac     0x8000 build/Middlewares/stm32f746_lwip_withos_porting/FreeRTOS/Core/Src/heap_4.o
 .bss.xStart    0x2000faac        0x8 build/Middlewares/stm32f746_lwip_withos_porting/FreeRTOS/Core/Src/heap_4.o
 .bss.pxEnd     0x2000fab4        0x4 build/Middlewares/stm32f746_lwip_withos_porting/FreeRTOS/Core/Src/heap_4.o
 .bss.xFreeBytesRemaining